Component: ARM Compiler 5.06 update 3 (build 300) Tool: armlink [4d35c9]

==============================================================================

Section Cross References

    startup_stm32f407xx.o(RESET) refers to startup_stm32f407xx.o(STACK) for __initial_sp
    startup_stm32f407xx.o(RESET) refers to startup_stm32f407xx.o(.text) for Reset_Handler
    startup_stm32f407xx.o(RESET) refers to stm32f4xx_it.o(i.NMI_Handler) for NMI_Handler
    startup_stm32f407xx.o(RESET) refers to stm32f4xx_it.o(i.HardFault_Handler) for HardFault_Handler
    startup_stm32f407xx.o(RESET) refers to stm32f4xx_it.o(i.MemManage_Handler) for MemManage_Handler
    startup_stm32f407xx.o(RESET) refers to stm32f4xx_it.o(i.BusFault_Handler) for BusFault_Handler
    startup_stm32f407xx.o(RESET) refers to stm32f4xx_it.o(i.UsageFault_Handler) for UsageFault_Handler
    startup_stm32f407xx.o(RESET) refers to stm32f4xx_it.o(i.SVC_Handler) for SVC_Handler
    startup_stm32f407xx.o(RESET) refers to stm32f4xx_it.o(i.DebugMon_Handler) for DebugMon_Handler
    startup_stm32f407xx.o(RESET) refers to stm32f4xx_it.o(i.PendSV_Handler) for PendSV_Handler
    startup_stm32f407xx.o(RESET) refers to stm32f4xx_it.o(i.SysTick_Handler) for SysTick_Handler
    startup_stm32f407xx.o(RESET) refers to stm32f4xx_it.o(i.TIM2_IRQHandler) for TIM2_IRQHandler
    startup_stm32f407xx.o(RESET) refers to stm32f4xx_it.o(i.TIM3_IRQHandler) for TIM3_IRQHandler
    startup_stm32f407xx.o(.text) refers to system_stm32f4xx.o(i.SystemInit) for SystemInit
    startup_stm32f407xx.o(.text) refers to entry.o(.ARM.Collect$$$$00000000) for __main
    system_stm32f4xx.o(i.SystemCoreClockUpdate) refers to system_stm32f4xx.o(.data) for SystemCoreClock
    system_stm32f4xx.o(i.SystemCoreClockUpdate) refers to system_stm32f4xx.o(.constdata) for AHBPrescTable
    stm32f4xx_it.o(i.SysTick_Handler) refers to stm32f4xx_hal.o(i.HAL_IncTick) for HAL_IncTick
    stm32f4xx_it.o(i.SysTick_Handler) refers to stm32f4xx_hal_cortex.o(i.HAL_SYSTICK_IRQHandler) for HAL_SYSTICK_IRQHandler
    stm32f4xx_it.o(i.TIM2_IRQHandler) refers to stm32f4xx_hal_tim.o(i.HAL_TIM_IRQHandler) for HAL_TIM_IRQHandler
    stm32f4xx_it.o(i.TIM2_IRQHandler) refers to main.o(.bss) for htim2
    stm32f4xx_it.o(i.TIM2_IRQHandler) refers to stm32f4xx_it.o(.data) for countTim
    stm32f4xx_it.o(i.TIM3_IRQHandler) refers to stm32f4xx_hal_tim.o(i.HAL_TIM_IRQHandler) for HAL_TIM_IRQHandler
    stm32f4xx_it.o(i.TIM3_IRQHandler) refers to main.o(.bss) for htim3
    main.o(i.ADS8684_Init) refers to stm32f4xx_hal_gpio.o(i.HAL_GPIO_WritePin) for HAL_GPIO_WritePin
    main.o(i.ADS8684_Init) refers to stm32f4xx_hal_spi.o(i.HAL_SPI_Transmit) for HAL_SPI_Transmit
    main.o(i.ADS8684_Init) refers to stm32f4xx_hal.o(i.HAL_Delay) for HAL_Delay
    main.o(i.ADS8684_Init) refers to stm32f4xx_hal_spi.o(i.HAL_SPI_TransmitReceive) for HAL_SPI_TransmitReceive
    main.o(i.ADS8684_Init) refers to main.o(.data) for STDBY
    main.o(i.ADS8684_Init) refers to main.o(.bss) for hspi3
    main.o(i.ADS8684_RST) refers to stm32f4xx_hal_gpio.o(i.HAL_GPIO_WritePin) for HAL_GPIO_WritePin
    main.o(i.ADS8684_RST) refers to stm32f4xx_hal_spi.o(i.HAL_SPI_Transmit) for HAL_SPI_Transmit
    main.o(i.ADS8684_RST) refers to stm32f4xx_hal.o(i.HAL_Delay) for HAL_Delay
    main.o(i.ADS8684_RST) refers to main.o(.data) for RST
    main.o(i.ADS8684_RST) refers to main.o(.bss) for hspi3
    main.o(i.ADS8684_Range_Select) refers to stm32f4xx_hal_gpio.o(i.HAL_GPIO_WritePin) for HAL_GPIO_WritePin
    main.o(i.ADS8684_Range_Select) refers to stm32f4xx_hal_spi.o(i.HAL_SPI_Transmit) for HAL_SPI_Transmit
    main.o(i.ADS8684_Range_Select) refers to stm32f4xx_hal.o(i.HAL_Delay) for HAL_Delay
    main.o(i.ADS8684_Range_Select) refers to main.o(.data) for Range_Select0
    main.o(i.ADS8684_Range_Select) refers to main.o(.bss) for hspi3
    main.o(i.ADS8684_STDBY) refers to stm32f4xx_hal_gpio.o(i.HAL_GPIO_WritePin) for HAL_GPIO_WritePin
    main.o(i.ADS8684_STDBY) refers to stm32f4xx_hal_spi.o(i.HAL_SPI_Transmit) for HAL_SPI_Transmit
    main.o(i.ADS8684_STDBY) refers to stm32f4xx_hal.o(i.HAL_Delay) for HAL_Delay
    main.o(i.ADS8684_STDBY) refers to main.o(.data) for STDBY
    main.o(i.ADS8684_STDBY) refers to main.o(.bss) for hspi3
    main.o(i.HAL_TIM_PeriodElapsedCallback) refers to stm32f4xx_hal_gpio.o(i.HAL_GPIO_WritePin) for HAL_GPIO_WritePin
    main.o(i.HAL_TIM_PeriodElapsedCallback) refers to stm32f4xx_hal_spi.o(i.HAL_SPI_Transmit) for HAL_SPI_Transmit
    main.o(i.HAL_TIM_PeriodElapsedCallback) refers to stm32f4xx_hal_spi.o(i.HAL_SPI_TransmitReceive) for HAL_SPI_TransmitReceive
    main.o(i.HAL_TIM_PeriodElapsedCallback) refers to f2d.o(.text) for __aeabi_f2d
    main.o(i.HAL_TIM_PeriodElapsedCallback) refers to dadd.o(.text) for __aeabi_dadd
    main.o(i.HAL_TIM_PeriodElapsedCallback) refers to d2f.o(.text) for __aeabi_d2f
    main.o(i.HAL_TIM_PeriodElapsedCallback) refers to main.o(.bss) for htim2
[...]
    Removing stm32f4xx_hal_rcc.o(.revsh_text), (4 bytes).
    Removing stm32f4xx_hal_rcc.o(.rrx_text), (6 bytes).
    Removing stm32f4xx_hal_rcc.o(i.HAL_RCC_CSSCallback), (2 bytes).
    Removing stm32f4xx_hal_rcc.o(i.HAL_RCC_DeInit), (4 bytes).
    Removing stm32f4xx_hal_rcc.o(i.HAL_RCC_DisableCSS), (12 bytes).
    Removing stm32f4xx_hal_rcc.o(i.HAL_RCC_EnableCSS), (12 bytes).
    Removing stm32f4xx_hal_rcc.o(i.HAL_RCC_GetClockConfig), (68 bytes).
    Removing stm32f4xx_hal_rcc.o(i.HAL_RCC_GetOscConfig), (244 bytes).
    Removing stm32f4xx_hal_rcc.o(i.HAL_RCC_MCOConfig), (192 bytes).
    Removing stm32f4xx_hal_rcc.o(i.HAL_RCC_NMI_IRQHandler), (32 bytes).
    Removing stm32f4xx_hal_pwr_ex.o(.rev16_text), (4 bytes).
    Removing stm32f4xx_hal_pwr_ex.o(.revsh_text), (4 bytes).
    Removing stm32f4xx_hal_pwr_ex.o(.rrx_text), (6 bytes).
    Removing stm32f4xx_hal_pwr_ex.o(i.HAL_PWREx_ControlVoltageScaling), (120 bytes).
    Removing stm32f4xx_hal_pwr_ex.o(i.HAL_PWREx_DisableBkUpReg), (60 bytes).
    Removing stm32f4xx_hal_pwr_ex.o(i.HAL_PWREx_DisableFlashPowerDown), (12 bytes).
    Removing stm32f4xx_hal_pwr_ex.o(i.HAL_PWREx_EnableBkUpReg), (60 bytes).
    Removing stm32f4xx_hal_pwr_ex.o(i.HAL_PWREx_EnableFlashPowerDown), (12 bytes).
    Removing stm32f4xx_hal_pwr_ex.o(i.HAL_PWREx_GetVoltageRange), (16 bytes).
    Removing stm32f4xx_hal.o(.rev16_text), (4 bytes).
    Removing stm32f4xx_hal.o(.revsh_text), (4 bytes).
    Removing stm32f4xx_hal.o(.rrx_text), (6 bytes).
    Removing stm32f4xx_hal.o(i.HAL_DBGMCU_DisableDBGSleepMode), (20 bytes).
    Removing stm32f4xx_hal.o(i.HAL_DBGMCU_DisableDBGStandbyMode), (20 bytes).
    Removing stm32f4xx_hal.o(i.HAL_DBGMCU_DisableDBGStopMode), (20 bytes).
    Removing stm32f4xx_hal.o(i.HAL_DBGMCU_EnableDBGSleepMode), (20 bytes).
    Removing stm32f4xx_hal.o(i.HAL_DBGMCU_EnableDBGStandbyMode), (20 bytes).
    Removing stm32f4xx_hal.o(i.HAL_DBGMCU_EnableDBGStopMode), (20 bytes).
    Removing stm32f4xx_hal.o(i.HAL_DeInit), (68 bytes).
    Removing stm32f4xx_hal.o(i.HAL_DisableCompensationCell), (12 bytes).
    Removing stm32f4xx_hal.o(i.HAL_EnableCompensationCell), (12 bytes).
    Removing stm32f4xx_hal.o(i.HAL_GetDEVID), (16 bytes).
    Removing stm32f4xx_hal.o(i.HAL_GetHalVersion), (8 bytes).
    Removing stm32f4xx_hal.o(i.HAL_GetREVID), (12 bytes).
    Removing stm32f4xx_hal.o(i.HAL_GetUID), (28 bytes).
    Removing stm32f4xx_hal.o(i.HAL_MspDeInit), (2 bytes).
    Removing stm32f4xx_hal.o(i.HAL_MspInit), (2 bytes).
    Removing stm32f4xx_hal.o(i.HAL_ResumeTick), (18 bytes).
    Removing stm32f4xx_hal.o(i.HAL_SuspendTick), (18 bytes).
    Removing stm32f4xx_hal_tim.o(.rev16_text), (4 bytes).
    Removing stm32f4xx_hal_tim.o(.revsh_text), (4 bytes).
    Removing stm32f4xx_hal_tim.o(.rrx_text), (6 bytes).
    Removing stm32f4xx_hal_tim.o(i.HAL_TIM_Base_DeInit), (70 bytes).
    Removing stm32f4xx_hal_tim.o(i.HAL_TIM_Base_GetState), (8 bytes).
    Removing stm32f4xx_hal_tim.o(i.HAL_TIM_Base_MspDeInit), (2 bytes).
    Removing stm32f4xx_hal_tim.o(i.HAL_TIM_Base_MspInit), (2 bytes).
    Removing stm32f4xx_hal_tim.o(i.HAL_TIM_Base_Start), (30 bytes).
    Removing stm32f4xx_hal_tim.o(i.HAL_TIM_Base_Start_DMA), (104 bytes).
    Removing stm32f4xx_hal_tim.o(i.HAL_TIM_Base_Stop), (56 bytes).
    Removing stm32f4xx_hal_tim.o(i.HAL_TIM_Base_Stop_DMA), (62 bytes).
    Removing stm32f4xx_hal_tim.o(i.HAL_TIM_Base_Stop_IT), (56 bytes).
    Removing stm32f4xx_hal_tim.o(i.HAL_TIM_ConfigOCrefClear), (226 bytes).
    Removing stm32f4xx_hal_tim.o(i.HAL_TIM_ConfigTI1Input), (24 bytes).
    Removing stm32f4xx_hal_tim.o(i.HAL_TIM_DMABurst_ReadStart), (388 bytes).
    Removing stm32f4xx_hal_tim.o(i.HAL_TIM_DMABurst_ReadStop), (128 bytes).
    Removing stm32f4xx_hal_tim.o(i.HAL_TIM_DMABurst_WriteStart), (388 bytes).
    Removing stm32f4xx_hal_tim.o(i.HAL_TIM_DMABurst_WriteStop), (128 bytes).
    Removing stm32f4xx_hal_tim.o(i.HAL_TIM_Encoder_DeInit), (70 bytes).
    Removing stm32f4xx_hal_tim.o(i.HAL_TIM_Encoder_GetState), (8 bytes).
    Removing stm32f4xx_hal_tim.o(i.HAL_TIM_Encoder_Init), (180 bytes).
    Removing stm32f4xx_hal_tim.o(i.HAL_TIM_Encoder_MspDeInit), (2 bytes).
    Removing stm32f4xx_hal_tim.o(i.HAL_TIM_Encoder_MspInit), (2 bytes).
    Removing stm32f4xx_hal_tim.o(i.HAL_TIM_Encoder_Start), (78 bytes).
    Removing stm32f4xx_hal_tim.o(i.HAL_TIM_Encoder_Start_DMA), (328 bytes).
    Removing stm32f4xx_hal_tim.o(i.HAL_TIM_Encoder_Start_IT), (126 bytes).
    Removing stm32f4xx_hal_tim.o(i.HAL_TIM_Encoder_Stop), (104 bytes).
    Removing stm32f4xx_hal_tim.o(i.HAL_TIM_Encoder_Stop_DMA), (152 bytes).
    Removing stm32f4xx_hal_tim.o(i.HAL_TIM_Encoder_Stop_IT), (152 bytes).
    Removing stm32f4xx_hal_tim.o(i.HAL_TIM_ErrorCallback), (2 bytes).
    Removing stm32f4xx_hal_tim.o(i.HAL_TIM_GenerateEvent), (54 bytes).
    Removing stm32f4xx_hal_tim.o(i.HAL_TIM_IC_ConfigChannel), (224 bytes).
    Removing stm32f4xx_hal_tim.o(i.HAL_TIM_IC_DeInit), (70 bytes).
    Removing stm32f4xx_hal_tim.o(i.HAL_TIM_IC_GetState), (8 bytes).
    Removing stm32f4xx_hal_tim.o(i.HAL_TIM_IC_Init), (52 bytes).
    Removing stm32f4xx_hal_tim.o(i.HAL_TIM_IC_MspDeInit), (2 bytes).
    Removing stm32f4xx_hal_tim.o(i.HAL_TIM_IC_MspInit), (2 bytes).
    Removing stm32f4xx_hal_tim.o(i.HAL_TIM_IC_Start), (32 bytes).
    Removing stm32f4xx_hal_tim.o(i.HAL_TIM_IC_Start_DMA), (268 bytes).
    Removing stm32f4xx_hal_tim.o(i.HAL_TIM_IC_Start_IT), (108 bytes).
    Removing stm32f4xx_hal_tim.o(i.HAL_TIM_IC_Stop), (58 bytes).
    Removing stm32f4xx_hal_tim.o(i.HAL_TIM_IC_Stop_DMA), (140 bytes).
    Removing stm32f4xx_hal_tim.o(i.HAL_TIM_IC_Stop_IT), (134 bytes).
    Removing stm32f4xx_hal_tim.o(i.HAL_TIM_OC_DeInit), (70 bytes).
    Removing stm32f4xx_hal_tim.o(i.HAL_TIM_OC_GetState), (8 bytes).
    Removing stm32f4xx_hal_tim.o(i.HAL_TIM_OC_MspDeInit), (2 bytes).
    Removing stm32f4xx_hal_tim.o(i.HAL_TIM_OC_MspInit), (2 bytes).
    Removing stm32f4xx_hal_tim.o(i.HAL_TIM_OC_Start), (76 bytes).
    Removing stm32f4xx_hal_tim.o(i.HAL_TIM_OC_Start_DMA), (312 bytes).
    Removing stm32f4xx_hal_tim.o(i.HAL_TIM_OC_Start_IT), (152 bytes).
    Removing stm32f4xx_hal_tim.o(i.HAL_TIM_OC_Stop), (128 bytes).
    Removing stm32f4xx_hal_tim.o(i.HAL_TIM_OC_Stop_DMA), (212 bytes).
    Removing stm32f4xx_hal_tim.o(i.HAL_TIM_OC_Stop_IT), (204 bytes).
    Removing stm32f4xx_hal_tim.o(i.HAL_TIM_OnePulse_ConfigChannel), (286 bytes).
    Removing stm32f4xx_hal_tim.o(i.HAL_TIM_OnePulse_DeInit), (70 bytes).
    Removing stm32f4xx_hal_tim.o(i.HAL_TIM_OnePulse_GetState), (8 bytes).
    Removing stm32f4xx_hal_tim.o(i.HAL_TIM_OnePulse_Init), (76 bytes).
    Removing stm32f4xx_hal_tim.o(i.HAL_TIM_OnePulse_MspDeInit), (2 bytes).
    Removing stm32f4xx_hal_tim.o(i.HAL_TIM_OnePulse_MspInit), (2 bytes).
    Removing stm32f4xx_hal_tim.o(i.HAL_TIM_OnePulse_Start), (76 bytes).
    Removing stm32f4xx_hal_tim.o(i.HAL_TIM_OnePulse_Start_IT), (100 bytes).
    Removing stm32f4xx_hal_tim.o(i.HAL_TIM_OnePulse_Stop), (140 bytes).
    Removing stm32f4xx_hal_tim.o(i.HAL_TIM_OnePulse_Stop_IT), (164 bytes).
    Removing stm32f4xx_hal_tim.o(i.HAL_TIM_PWM_DeInit), (70 bytes).
    Removing stm32f4xx_hal_tim.o(i.HAL_TIM_PWM_GetState), (8 bytes).
    Removing stm32f4xx_hal_tim.o(i.HAL_TIM_PWM_Init), (52 bytes).
    Removing stm32f4xx_hal_tim.o(i.HAL_TIM_PWM_MspDeInit), (2 bytes).
    Removing stm32f4xx_hal_tim.o(i.HAL_TIM_PWM_MspInit), (2 bytes).
    Removing stm32f4xx_hal_tim.o(i.HAL_TIM_PWM_Start_DMA), (312 bytes).
    Removing stm32f4xx_hal_tim.o(i.HAL_TIM_PWM_Start_IT), (152 bytes).
    Removing stm32f4xx_hal_tim.o(i.HAL_TIM_PWM_Stop), (136 bytes).
    Removing stm32f4xx_hal_tim.o(i.HAL_TIM_PWM_Stop_DMA), (212 bytes).
    Removing stm32f4xx_hal_tim.o(i.HAL_TIM_PWM_Stop_IT), (204 bytes).
    Removing stm32f4xx_hal_tim.o(i.HAL_TIM_PeriodElapsedCallback), (2 bytes).
    Removing stm32f4xx_hal_tim.o(i.HAL_TIM_ReadCapturedValue), (84 bytes).
    Removing stm32f4xx_hal_tim.o(i.HAL_TIM_SlaveConfigSynchronization), (86 bytes).
    Removing stm32f4xx_hal_tim.o(i.HAL_TIM_SlaveConfigSynchronization_IT), (86 bytes).
    Removing stm32f4xx_hal_tim.o(i.TIM_DMACaptureCplt), (70 bytes).
    Removing stm32f4xx_hal_tim.o(i.TIM_DMADelayPulseCplt), (70 bytes).
    Removing stm32f4xx_hal_tim.o(i.TIM_DMAError), (20 bytes).
    Removing stm32f4xx_hal_tim.o(i.TIM_DMAPeriodElapsedCplt), (20 bytes).
    Removing stm32f4xx_hal_tim.o(i.TIM_DMATriggerCplt), (20 bytes).
    Removing stm32f4xx_hal_tim.o(i.TIM_SlaveTimer_SetConfig), (164 bytes).
    Removing stm32f4xx_hal_tim.o(i.TIM_TI1_SetConfig), (152 bytes).
    Removing stm32f4xx_hal_tim.o(i.TIM_TI2_SetConfig), (62 bytes).
    Removing stm32f4xx_hal_tim.o(i.TIM_TI3_SetConfig), (60 bytes).
    Removing stm32f4xx_hal_tim.o(i.TIM_TI4_SetConfig), (64 bytes).
    Removing stm32f4xx_hal_tim_ex.o(.rev16_text), (4 bytes).
    Removing stm32f4xx_hal_tim_ex.o(.revsh_text), (4 bytes).
    Removing stm32f4xx_hal_tim_ex.o(.rrx_text), (6 bytes).
    Removing stm32f4xx_hal_tim_ex.o(i.HAL_TIMEx_ConfigBreakDeadTime), (126 bytes).
    Removing stm32f4xx_hal_tim_ex.o(i.HAL_TIMEx_ConfigCommutationEvent), (110 bytes).
    Removing stm32f4xx_hal_tim_ex.o(i.HAL_TIMEx_ConfigCommutationEvent_DMA), (144 bytes).
    Removing stm32f4xx_hal_tim_ex.o(i.HAL_TIMEx_ConfigCommutationEvent_IT), (122 bytes).
    Removing stm32f4xx_hal_tim_ex.o(i.HAL_TIMEx_HallSensor_DeInit), (70 bytes).
    Removing stm32f4xx_hal_tim_ex.o(i.HAL_TIMEx_HallSensor_GetState), (8 bytes).
    Removing stm32f4xx_hal_tim_ex.o(i.HAL_TIMEx_HallSensor_Init), (196 bytes).
    Removing stm32f4xx_hal_tim_ex.o(i.HAL_TIMEx_HallSensor_MspDeInit), (2 bytes).
    Removing stm32f4xx_hal_tim_ex.o(i.HAL_TIMEx_HallSensor_MspInit), (2 bytes).
    Removing stm32f4xx_hal_tim_ex.o(i.HAL_TIMEx_HallSensor_Start), (30 bytes).
    Removing stm32f4xx_hal_tim_ex.o(i.HAL_TIMEx_HallSensor_Start_DMA), (116 bytes).
    Removing stm32f4xx_hal_tim_ex.o(i.HAL_TIMEx_HallSensor_Start_IT), (42 bytes).
    Removing stm32f4xx_hal_tim_ex.o(i.HAL_TIMEx_HallSensor_Stop), (56 bytes).
    Removing stm32f4xx_hal_tim_ex.o(i.HAL_TIMEx_HallSensor_Stop_DMA), (68 bytes).
    Removing stm32f4xx_hal_tim_ex.o(i.HAL_TIMEx_HallSensor_Stop_IT), (68 bytes).
    Removing stm32f4xx_hal_tim_ex.o(i.HAL_TIMEx_OCN_Start), (44 bytes).
    Removing stm32f4xx_hal_tim_ex.o(i.HAL_TIMEx_OCN_Start_DMA), (280 bytes).
    Removing stm32f4xx_hal_tim_ex.o(i.HAL_TIMEx_OCN_Start_IT), (132 bytes).
    Removing stm32f4xx_hal_tim_ex.o(i.HAL_TIMEx_OCN_Stop), (96 bytes).
    Removing stm32f4xx_hal_tim_ex.o(i.HAL_TIMEx_OCN_Stop_DMA), (178 bytes).
    Removing stm32f4xx_hal_tim_ex.o(i.HAL_TIMEx_OCN_Stop_IT), (196 bytes).
    Removing stm32f4xx_hal_tim_ex.o(i.HAL_TIMEx_OnePulseN_Start), (32 bytes).
    Removing stm32f4xx_hal_tim_ex.o(i.HAL_TIMEx_OnePulseN_Start_IT), (56 bytes).
    Removing stm32f4xx_hal_tim_ex.o(i.HAL_TIMEx_OnePulseN_Stop), (96 bytes).
    Removing stm32f4xx_hal_tim_ex.o(i.HAL_TIMEx_OnePulseN_Stop_IT), (120 bytes).
    Removing stm32f4xx_hal_tim_ex.o(i.HAL_TIMEx_PWMN_Start), (44 bytes).
    Removing stm32f4xx_hal_tim_ex.o(i.HAL_TIMEx_PWMN_Start_DMA), (280 bytes).
    Removing stm32f4xx_hal_tim_ex.o(i.HAL_TIMEx_PWMN_Start_IT), (132 bytes).
    Removing stm32f4xx_hal_tim_ex.o(i.HAL_TIMEx_PWMN_Stop), (96 bytes).
    Removing stm32f4xx_hal_tim_ex.o(i.HAL_TIMEx_PWMN_Stop_DMA), (178 bytes).
    Removing stm32f4xx_hal_tim_ex.o(i.HAL_TIMEx_PWMN_Stop_IT), (196 bytes).
    Removing stm32f4xx_hal_tim_ex.o(i.HAL_TIMEx_RemapConfig), (48 bytes).
    Removing stm32f4xx_hal_tim_ex.o(i.TIMEx_DMACommutationCplt), (20 bytes).
    Removing stm32f4xx_hal_tim_ex.o(i.TIM_CCxNChannelCmd), (28 bytes).
    Removing stm32f4xx_hal_gpio.o(.rev16_text), (4 bytes).
    Removing stm32f4xx_hal_gpio.o(.revsh_text), (4 bytes).
    Removing stm32f4xx_hal_gpio.o(.rrx_text), (6 bytes).
    Removing stm32f4xx_hal_gpio.o(i.HAL_GPIO_DeInit), (356 bytes).
    Removing stm32f4xx_hal_gpio.o(i.HAL_GPIO_EXTI_Callback), (2 bytes).
    Removing stm32f4xx_hal_gpio.o(i.HAL_GPIO_EXTI_IRQHandler), (28 bytes).
    Removing stm32f4xx_hal_gpio.o(i.HAL_GPIO_LockPin), (46 bytes).
    Removing stm32f4xx_hal_gpio.o(i.HAL_GPIO_ReadPin), (16 bytes).
    Removing stm32f4xx_hal_gpio.o(i.HAL_GPIO_TogglePin), (8 bytes).
    Removing stm32f4xx_hal_uart.o(.rev16_text), (4 bytes).
    Removing stm32f4xx_hal_uart.o(.revsh_text), (4 bytes).
    Removing stm32f4xx_hal_uart.o(.rrx_text), (6 bytes).
    Removing stm32f4xx_hal_uart.o(i.HAL_HalfDuplex_EnableReceiver), (68 bytes).
    Removing stm32f4xx_hal_uart.o(i.HAL_HalfDuplex_EnableTransmitter), (68 bytes).
    Removing stm32f4xx_hal_uart.o(i.HAL_HalfDuplex_Init), (118 bytes).
    Removing stm32f4xx_hal_uart.o(i.HAL_LIN_Init), (142 bytes).
    Removing stm32f4xx_hal_uart.o(i.HAL_LIN_SendBreak), (62 bytes).
    Removing stm32f4xx_hal_uart.o(i.HAL_MultiProcessor_EnterMuteMode), (62 bytes).
    Removing stm32f4xx_hal_uart.o(i.HAL_MultiProcessor_ExitMuteMode), (62 bytes).
    Removing stm32f4xx_hal_uart.o(i.HAL_MultiProcessor_Init), (154 bytes).
    Removing stm32f4xx_hal_uart.o(i.HAL_UART_Abort), (126 bytes).
    Removing stm32f4xx_hal_uart.o(i.HAL_UART_AbortCpltCallback), (2 bytes).
    Removing stm32f4xx_hal_uart.o(i.HAL_UART_AbortReceive), (80 bytes).
    Removing stm32f4xx_hal_uart.o(i.HAL_UART_AbortReceiveCpltCallback), (2 bytes).
    Removing stm32f4xx_hal_uart.o(i.HAL_UART_AbortReceive_IT), (120 bytes).
    Removing stm32f4xx_hal_uart.o(i.HAL_UART_AbortTransmit), (68 bytes).
    Removing stm32f4xx_hal_uart.o(i.HAL_UART_AbortTransmitCpltCallback), (2 bytes).
    Removing stm32f4xx_hal_uart.o(i.HAL_UART_AbortTransmit_IT), (108 bytes).
    Removing stm32f4xx_hal_uart.o(i.HAL_UART_Abort_IT), (216 bytes).
    Removing stm32f4xx_hal_uart.o(i.HAL_UART_DMAPause), (124 bytes).
    Removing stm32f4xx_hal_uart.o(i.HAL_UART_DMAResume), (126 bytes).
    Removing stm32f4xx_hal_uart.o(i.HAL_UART_DMAStop), (102 bytes).
    Removing stm32f4xx_hal_uart.o(i.HAL_UART_DeInit), (46 bytes).
    Removing stm32f4xx_hal_uart.o(i.HAL_UART_ErrorCallback), (2 bytes).
    Removing stm32f4xx_hal_uart.o(i.HAL_UART_GetError), (6 bytes).
    Removing stm32f4xx_hal_uart.o(i.HAL_UART_GetState), (20 bytes).
    Removing stm32f4xx_hal_uart.o(i.HAL_UART_IRQHandler), (332 bytes).
    Removing stm32f4xx_hal_uart.o(i.HAL_UART_MspDeInit), (2 bytes).
    Removing stm32f4xx_hal_uart.o(i.HAL_UART_MspInit), (2 bytes).
    Removing stm32f4xx_hal_uart.o(i.HAL_UART_Receive), (222 bytes).
    Removing stm32f4xx_hal_uart.o(i.HAL_UART_Receive_DMA), (196 bytes).
    Removing stm32f4xx_hal_uart.o(i.HAL_UART_Receive_IT), (100 bytes).
    Removing stm32f4xx_hal_uart.o(i.HAL_UART_RxCpltCallback), (2 bytes).
    Removing stm32f4xx_hal_uart.o(i.HAL_UART_RxHalfCpltCallback), (2 bytes).
    Removing stm32f4xx_hal_uart.o(i.HAL_UART_Transmit), (214 bytes).
    Removing stm32f4xx_hal_uart.o(i.HAL_UART_Transmit_DMA), (156 bytes).
    Removing stm32f4xx_hal_uart.o(i.HAL_UART_Transmit_IT), (88 bytes).
    Removing stm32f4xx_hal_uart.o(i.HAL_UART_TxCpltCallback), (2 bytes).
    Removing stm32f4xx_hal_uart.o(i.HAL_UART_TxHalfCpltCallback), (2 bytes).
    Removing stm32f4xx_hal_uart.o(i.UART_DMAAbortOnError), (20 bytes).
    Removing stm32f4xx_hal_uart.o(i.UART_DMAError), (80 bytes).
    Removing stm32f4xx_hal_uart.o(i.UART_DMAReceiveCplt), (70 bytes).
    Removing stm32f4xx_hal_uart.o(i.UART_DMARxAbortCallback), (52 bytes).
    Removing stm32f4xx_hal_uart.o(i.UART_DMARxHalfCplt), (14 bytes).
    Removing stm32f4xx_hal_uart.o(i.UART_DMARxOnlyAbortCallback), (24 bytes).
    Removing stm32f4xx_hal_uart.o(i.UART_DMATransmitCplt), (54 bytes).
    Removing stm32f4xx_hal_uart.o(i.UART_DMATxAbortCallback), (52 bytes).
    Removing stm32f4xx_hal_uart.o(i.UART_DMATxHalfCplt), (14 bytes).
    Removing stm32f4xx_hal_uart.o(i.UART_DMATxOnlyAbortCallback), (24 bytes).
    Removing stm32f4xx_hal_uart.o(i.UART_EndRxTransfer), (32 bytes).
    Removing stm32f4xx_hal_uart.o(i.UART_EndTransmit_IT), (32 bytes).
    Removing stm32f4xx_hal_uart.o(i.UART_EndTxTransfer), (20 bytes).
    Removing stm32f4xx_hal_uart.o(i.UART_Receive_IT), (154 bytes).
    Removing stm32f4xx_hal_uart.o(i.UART_Transmit_IT), (104 bytes).
    Removing stm32f4xx_hal_uart.o(i.UART_WaitOnFlagUntilTimeout), (108 bytes).
    Removing stm32f4xx_hal_dma_ex.o(.rev16_text), (4 bytes).
    Removing stm32f4xx_hal_dma_ex.o(.revsh_text), (4 bytes).
    Removing stm32f4xx_hal_dma_ex.o(.rrx_text), (6 bytes).
    Removing stm32f4xx_hal_dma_ex.o(i.DMA_MultiBufferSetConfig), (32 bytes).
    Removing stm32f4xx_hal_dma_ex.o(i.HAL_DMAEx_ChangeMemory), (18 bytes).
    Removing stm32f4xx_hal_dma_ex.o(i.HAL_DMAEx_MultiBufferStart), (124 bytes).
    Removing stm32f4xx_hal_dma_ex.o(i.HAL_DMAEx_MultiBufferStart_IT), (4056 bytes).
    Removing stm32f4xx_hal_flash.o(.rev16_text), (4 bytes).
    Removing stm32f4xx_hal_flash.o(.revsh_text), (4 bytes).
    Removing stm32f4xx_hal_flash.o(.rrx_text), (6 bytes).
    Removing stm32f4xx_hal_flash.o(i.FLASH_Program_Byte), (36 bytes).
    Removing stm32f4xx_hal_flash.o(i.FLASH_Program_DoubleWord), (44 bytes).
    Removing stm32f4xx_hal_flash.o(i.FLASH_Program_HalfWord), (40 bytes).
    Removing stm32f4xx_hal_flash.o(i.FLASH_Program_Word), (40 bytes).
    Removing stm32f4xx_hal_flash.o(i.FLASH_SetErrorCode), (152 bytes).
    Removing stm32f4xx_hal_flash.o(i.FLASH_WaitForLastOperation), (100 bytes).
    Removing stm32f4xx_hal_flash.o(i.HAL_FLASH_EndOfOperationCallback), (2 bytes).
    Removing stm32f4xx_hal_flash.o(i.HAL_FLASH_GetError), (12 bytes).
    Removing stm32f4xx_hal_flash.o(i.HAL_FLASH_IRQHandler), (272 bytes).
    Removing stm32f4xx_hal_flash.o(i.HAL_FLASH_Lock), (20 bytes).
    Removing stm32f4xx_hal_flash.o(i.HAL_FLASH_OB_Launch), (28 bytes).
    Removing stm32f4xx_hal_flash.o(i.HAL_FLASH_OB_Lock), (20 bytes).
    Removing stm32f4xx_hal_flash.o(i.HAL_FLASH_OB_Unlock), (44 bytes).
    Removing stm32f4xx_hal_flash.o(i.HAL_FLASH_OperationErrorCallback), (2 bytes).
    Removing stm32f4xx_hal_flash.o(i.HAL_FLASH_Program), (152 bytes).
    Removing stm32f4xx_hal_flash.o(i.HAL_FLASH_Program_IT), (136 bytes).
    Removing stm32f4xx_hal_flash.o(i.HAL_FLASH_Unlock), (52 bytes).
    Removing stm32f4xx_hal_flash.o(.bss), (32 bytes).
    Removing stm32f4xx_hal_dma.o(.rev16_text), (4 bytes).
    Removing stm32f4xx_hal_dma.o(.revsh_text), (4 bytes).
    Removing stm32f4xx_hal_dma.o(.rrx_text), (6 bytes).
    Removing stm32f4xx_hal_dma.o(i.DMA_CalcBaseAndBitshift), (52 bytes).
    Removing stm32f4xx_hal_dma.o(i.DMA_CheckFifoParam), (170 bytes).
    Removing stm32f4xx_hal_dma.o(i.DMA_SetConfig), (44 bytes).
    Removing stm32f4xx_hal_dma.o(i.HAL_DMA_Abort), (170 bytes).
    Removing stm32f4xx_hal_dma.o(i.HAL_DMA_Abort_IT), (40 bytes).
    Removing stm32f4xx_hal_dma.o(i.HAL_DMA_DeInit), (98 bytes).
    Removing stm32f4xx_hal_dma.o(i.HAL_DMA_GetError), (6 bytes).
    Removing stm32f4xx_hal_dma.o(i.HAL_DMA_GetState), (8 bytes).
    Removing stm32f4xx_hal_dma.o(i.HAL_DMA_IRQHandler), (576 bytes).
    Removing stm32f4xx_hal_dma.o(i.HAL_DMA_Init), (236 bytes).
    Removing stm32f4xx_hal_dma.o(i.HAL_DMA_PollForTransfer), (346 bytes).
    Removing stm32f4xx_hal_dma.o(i.HAL_DMA_RegisterCallback), (94 bytes).
    Removing stm32f4xx_hal_dma.o(i.HAL_DMA_Start), (102 bytes).
    Removing stm32f4xx_hal_dma.o(i.HAL_DMA_Start_IT), (158 bytes).
    Removing stm32f4xx_hal_dma.o(i.HAL_DMA_UnRegisterCallback), (124 bytes).
    Removing stm32f4xx_hal_dma.o(.constdata), (8 bytes).
    Removing stm32f4xx_hal_rcc_ex.o(.rev16_text), (4 bytes).
    Removing stm32f4xx_hal_rcc_ex.o(.revsh_text), (4 bytes).
    Removing stm32f4xx_hal_rcc_ex.o(.rrx_text), (6 bytes).
    Removing stm32f4xx_hal_rcc_ex.o(i.HAL_RCCEx_GetPeriphCLKConfig), (56 bytes).
    Removing stm32f4xx_hal_rcc_ex.o(i.HAL_RCCEx_GetPeriphCLKFreq), (144 bytes).
    Removing stm32f4xx_hal_rcc_ex.o(i.HAL_RCCEx_PeriphCLKConfig), (416 bytes).
    Removing stm32f4xx_hal_rcc_ex.o(i.HAL_RCC_DeInit), (320 bytes).
    Removing stm32f4xx_hal_flash_ex.o(.rev16_text), (4 bytes).
    Removing stm32f4xx_hal_flash_ex.o(.revsh_text), (4 bytes).
    Removing stm32f4xx_hal_flash_ex.o(.rrx_text), (6 bytes).
    Removing stm32f4xx_hal_flash_ex.o(i.FLASH_Erase_Sector), (92 bytes).
    Removing stm32f4xx_hal_flash_ex.o(i.FLASH_FlushCaches), (120 bytes).
    Removing stm32f4xx_hal_flash_ex.o(i.FLASH_MassErase), (48 bytes).
    Removing stm32f4xx_hal_flash_ex.o(i.FLASH_OB_BOR_LevelConfig), (32 bytes).
    Removing stm32f4xx_hal_flash_ex.o(i.FLASH_OB_DisableWRP), (40 bytes).
    Removing stm32f4xx_hal_flash_ex.o(i.FLASH_OB_EnableWRP), (40 bytes).
    Removing stm32f4xx_hal_flash_ex.o(i.FLASH_OB_GetBOR), (16 bytes).
    Removing stm32f4xx_hal_flash_ex.o(i.FLASH_OB_GetRDP), (36 bytes).
    Removing stm32f4xx_hal_flash_ex.o(i.FLASH_OB_GetUser), (16 bytes).
    Removing stm32f4xx_hal_flash_ex.o(i.FLASH_OB_GetWRP), (12 bytes).
    Removing stm32f4xx_hal_flash_ex.o(i.FLASH_OB_RDP_LevelConfig), (32 bytes).
    Removing stm32f4xx_hal_flash_ex.o(i.FLASH_OB_UserConfig), (60 bytes).
    Removing stm32f4xx_hal_flash_ex.o(i.HAL_FLASHEx_Erase), (172 bytes).
    Removing stm32f4xx_hal_flash_ex.o(i.HAL_FLASHEx_Erase_IT), (120 bytes).
    Removing stm32f4xx_hal_flash_ex.o(i.HAL_FLASHEx_OBGetConfig), (34 bytes).
    Removing stm32f4xx_hal_flash_ex.o(i.HAL_FLASHEx_OBProgram), (148 bytes).
    Removing stm32f4xx_hal_pwr.o(.rev16_text), (4 bytes).
    Removing stm32f4xx_hal_pwr.o(.revsh_text), (4 bytes).
    Removing stm32f4xx_hal_pwr.o(.rrx_text), (6 bytes).
    Removing stm32f4xx_hal_pwr.o(i.HAL_PWR_ConfigPVD), (180 bytes).
    Removing stm32f4xx_hal_pwr.o(i.HAL_PWR_DeInit), (28 bytes).
    Removing stm32f4xx_hal_pwr.o(i.HAL_PWR_DisableBkUpAccess), (12 bytes).
    Removing stm32f4xx_hal_pwr.o(i.HAL_PWR_DisablePVD), (12 bytes).
    Removing stm32f4xx_hal_pwr.o(i.HAL_PWR_DisableSEVOnPend), (20 bytes).
    Removing stm32f4xx_hal_pwr.o(i.HAL_PWR_DisableSleepOnExit), (20 bytes).
    Removing stm32f4xx_hal_pwr.o(i.HAL_PWR_DisableWakeUpPin), (16 bytes).
    Removing stm32f4xx_hal_pwr.o(i.HAL_PWR_EnableBkUpAccess), (12 bytes).
    Removing stm32f4xx_hal_pwr.o(i.HAL_PWR_EnablePVD), (12 bytes).
    Removing stm32f4xx_hal_pwr.o(i.HAL_PWR_EnableSEVOnPend), (20 bytes).
    Removing stm32f4xx_hal_pwr.o(i.HAL_PWR_EnableSleepOnExit), (20 bytes).
    Removing stm32f4xx_hal_pwr.o(i.HAL_PWR_EnableWakeUpPin), (16 bytes).
    Removing stm32f4xx_hal_pwr.o(i.HAL_PWR_EnterSLEEPMode), (32 bytes).
    Removing stm32f4xx_hal_pwr.o(i.HAL_PWR_EnterSTANDBYMode), (40 bytes).
    Removing stm32f4xx_hal_pwr.o(i.HAL_PWR_EnterSTOPMode), (64 bytes).
    Removing stm32f4xx_hal_pwr.o(i.HAL_PWR_PVDCallback), (2 bytes).
    Removing stm32f4xx_hal_pwr.o(i.HAL_PWR_PVD_IRQHandler), (32 bytes).
    Removing stm32f4xx_hal_cortex.o(.rev16_text), (4 bytes).
    Removing stm32f4xx_hal_cortex.o(.revsh_text), (4 bytes).
    Removing stm32f4xx_hal_cortex.o(.rrx_text), (6 bytes).
    Removing stm32f4xx_hal_cortex.o(i.HAL_MPU_ConfigRegion), (92 bytes).
    Removing stm32f4xx_hal_cortex.o(i.HAL_MPU_Disable), (44 bytes).
    Removing stm32f4xx_hal_cortex.o(i.HAL_MPU_Enable), (64 bytes).
    Removing stm32f4xx_hal_cortex.o(i.HAL_NVIC_ClearPendingIRQ), (28 bytes).
    Removing stm32f4xx_hal_cortex.o(i.HAL_NVIC_DisableIRQ), (28 bytes).
    Removing stm32f4xx_hal_cortex.o(i.HAL_NVIC_GetActive), (40 bytes).
    Removing stm32f4xx_hal_cortex.o(i.HAL_NVIC_GetPendingIRQ), (40 bytes).
    Removing stm32f4xx_hal_cortex.o(i.HAL_NVIC_GetPriority), (148 bytes).
    Removing stm32f4xx_hal_cortex.o(i.HAL_NVIC_GetPriorityGrouping), (8 bytes).
    Removing stm32f4xx_hal_cortex.o(i.HAL_NVIC_SetPendingIRQ), (28 bytes).
    Removing stm32f4xx_hal_cortex.o(i.HAL_NVIC_SystemReset), (68 bytes).
    Removing stm32f4xx_hal_spi.o(.rev16_text), (4 bytes).
    Removing stm32f4xx_hal_spi.o(.revsh_text), (4 bytes).
    Removing stm32f4xx_hal_spi.o(.rrx_text), (6 bytes).
    Removing stm32f4xx_hal_spi.o(i.HAL_SPI_Abort), (256 bytes).
    Removing stm32f4xx_hal_spi.o(i.HAL_SPI_AbortCpltCallback), (2 bytes).
    Removing stm32f4xx_hal_spi.o(i.HAL_SPI_Abort_IT), (312 bytes).
    Removing stm32f4xx_hal_spi.o(i.HAL_SPI_DMAPause), (50 bytes).
    Removing stm32f4xx_hal_spi.o(i.HAL_SPI_DMAResume), (50 bytes).
    Removing stm32f4xx_hal_spi.o(i.HAL_SPI_DMAStop), (46 bytes).
    Removing stm32f4xx_hal_spi.o(i.HAL_SPI_DeInit), (54 bytes).
    Removing stm32f4xx_hal_spi.o(i.HAL_SPI_ErrorCallback), (2 bytes).
    Removing stm32f4xx_hal_spi.o(i.HAL_SPI_GetError), (6 bytes).
    Removing stm32f4xx_hal_spi.o(i.HAL_SPI_GetState), (8 bytes).
    Removing stm32f4xx_hal_spi.o(i.HAL_SPI_IRQHandler), (312 bytes).
    Removing stm32f4xx_hal_spi.o(i.HAL_SPI_MspDeInit), (2 bytes).
    Removing stm32f4xx_hal_spi.o(i.HAL_SPI_MspInit), (2 bytes).
    Removing stm32f4xx_hal_spi.o(i.HAL_SPI_Receive), (364 bytes).
    Removing stm32f4xx_hal_spi.o(i.HAL_SPI_Receive_DMA), (252 bytes).
    Removing stm32f4xx_hal_spi.o(i.HAL_SPI_Receive_IT), (204 bytes).
    Removing stm32f4xx_hal_spi.o(i.HAL_SPI_RxCpltCallback), (2 bytes).
    Removing stm32f4xx_hal_spi.o(i.HAL_SPI_RxHalfCpltCallback), (2 bytes).
    Removing stm32f4xx_hal_spi.o(i.HAL_SPI_TransmitReceive_DMA), (324 bytes).
    Removing stm32f4xx_hal_spi.o(i.HAL_SPI_TransmitReceive_IT), (200 bytes).
    Removing stm32f4xx_hal_spi.o(i.HAL_SPI_Transmit_DMA), (220 bytes).
    Removing stm32f4xx_hal_spi.o(i.HAL_SPI_Transmit_IT), (184 bytes).
    Removing stm32f4xx_hal_spi.o(i.HAL_SPI_TxCpltCallback), (2 bytes).
    Removing stm32f4xx_hal_spi.o(i.HAL_SPI_TxHalfCpltCallback), (2 bytes).
    Removing stm32f4xx_hal_spi.o(i.HAL_SPI_TxRxCpltCallback), (2 bytes).
    Removing stm32f4xx_hal_spi.o(i.HAL_SPI_TxRxHalfCpltCallback), (2 bytes).
    Removing stm32f4xx_hal_spi.o(i.SPI_2linesRxISR_16BIT), (52 bytes).
    Removing stm32f4xx_hal_spi.o(i.SPI_2linesRxISR_8BIT), (50 bytes).
    Removing stm32f4xx_hal_spi.o(i.SPI_2linesTxISR_16BIT), (52 bytes).
    Removing stm32f4xx_hal_spi.o(i.SPI_2linesTxISR_8BIT), (50 bytes).
    Removing stm32f4xx_hal_spi.o(i.SPI_AbortRx_ISR), (104 bytes).
    Removing stm32f4xx_hal_spi.o(i.SPI_AbortTx_ISR), (26 bytes).
    Removing stm32f4xx_hal_spi.o(i.SPI_CloseRxTx_ISR), (188 bytes).
    Removing stm32f4xx_hal_spi.o(i.SPI_CloseRx_ISR), (104 bytes).
    Removing stm32f4xx_hal_spi.o(i.SPI_CloseTx_ISR), (160 bytes).
    Removing stm32f4xx_hal_spi.o(i.SPI_DMAAbortOnError), (20 bytes).
    Removing stm32f4xx_hal_spi.o(i.SPI_DMAError), (40 bytes).
    Removing stm32f4xx_hal_spi.o(i.SPI_DMAHalfReceiveCplt), (14 bytes).
    Removing stm32f4xx_hal_spi.o(i.SPI_DMAHalfTransmitCplt), (14 bytes).
    Removing stm32f4xx_hal_spi.o(i.SPI_DMAHalfTransmitReceiveCplt), (14 bytes).
    Removing stm32f4xx_hal_spi.o(i.SPI_DMAReceiveCplt), (96 bytes).
    Removing stm32f4xx_hal_spi.o(i.SPI_DMARxAbortCallback), (108 bytes).
    Removing stm32f4xx_hal_spi.o(i.SPI_DMATransmitCplt), (114 bytes).
    Removing stm32f4xx_hal_spi.o(i.SPI_DMATransmitReceiveCplt), (90 bytes).
    Removing stm32f4xx_hal_spi.o(i.SPI_DMATxAbortCallback), (136 bytes).
    Removing stm32f4xx_hal_spi.o(i.SPI_RxISR_16BIT), (36 bytes).
    Removing stm32f4xx_hal_spi.o(i.SPI_RxISR_8BIT), (34 bytes).
    Removing stm32f4xx_hal_spi.o(i.SPI_TxISR_16BIT), (36 bytes).
    Removing stm32f4xx_hal_spi.o(i.SPI_TxISR_8BIT), (34 bytes).

414 unused section(s) (total 33858 bytes) removed from the image.

==============================================================================

Image Symbol Table

    Local Symbols

    Symbol Name                              Value     Ov Type        Size  Object(Section)

    ../Drivers/STM32F4xx_HAL_Driver/Src/stm32f4xx_hal.c 0x00000000   Number         0  stm32f4xx_hal.o ABSOLUTE
    ../Drivers/STM32F4xx_HAL_Driver/Src/stm32f4xx_hal_cortex.c 0x00000000   Number         0  stm32f4xx_hal_cortex.o ABSOLUTE
    ../Drivers/STM32F4xx_HAL_Driver/Src/stm32f4xx_hal_dma.c 0x00000000   Number         0  stm32f4xx_hal_dma.o ABSOLUTE
    ../Drivers/STM32F4xx_HAL_Driver/Src/stm32f4xx_hal_dma_ex.c 0x00000000   Number         0  stm32f4xx_hal_dma_ex.o ABSOLUTE
    ../Drivers/STM32F4xx_HAL_Driver/Src/stm32f4xx_hal_flash.c 0x00000000   Number         0  stm32f4xx_hal_flash.o ABSOLUTE
    ../Drivers/STM32F4xx_HAL_Driver/Src/stm32f4xx_hal_flash_ex.c 0x00000000   Number         0  stm32f4xx_hal_flash_ex.o ABSOLUTE
    ../Drivers/STM32F4xx_HAL_Driver/Src/stm32f4xx_hal_flash_ramfunc.c 0x00000000   Number         0  stm32f4xx_hal_flash_ramfunc.o ABSOLUTE
    ../Drivers/STM32F4xx_HAL_Driver/Src/stm32f4xx_hal_gpio.c 0x00000000   Number         0  stm32f4xx_hal_gpio.o ABSOLUTE
    ../Drivers/STM32F4xx_HAL_Driver/Src/stm32f4xx_hal_pwr.c 0x00000000   Number         0  stm32f4xx_hal_pwr.o ABSOLUTE
    ../Drivers/STM32F4xx_HAL_Driver/Src/stm32f4xx_hal_pwr_ex.c 0x00000000   Number         0  stm32f4xx_hal_pwr_ex.o ABSOLUTE
    ../Drivers/STM32F4xx_HAL_Driver/Src/stm32f4xx_hal_rcc.c 0x00000000   Number         0  stm32f4xx_hal_rcc.o ABSOLUTE
    ../Drivers/STM32F4xx_HAL_Driver/Src/stm32f4xx_hal_rcc_ex.c 0x00000000   Number         0  stm32f4xx_hal_rcc_ex.o ABSOLUTE
    ../Drivers/STM32F4xx_HAL_Driver/Src/stm32f4xx_hal_spi.c 0x00000000   Number         0  stm32f4xx_hal_spi.o ABSOLUTE
    ../Drivers/STM32F4xx_HAL_Driver/Src/stm32f4xx_hal_tim.c 0x00000000   Number         0  stm32f4xx_hal_tim.o ABSOLUTE
    ../Drivers/STM32F4xx_HAL_Driver/Src/stm32f4xx_hal_tim_ex.c 0x00000000   Number         0  stm32f4xx_hal_tim_ex.o ABSOLUTE
    ../Drivers/STM32F4xx_HAL_Driver/Src/stm32f4xx_hal_uart.c 0x00000000   Number         0  stm32f4xx_hal_uart.o ABSOLUTE
    ../Src/main.c                            0x00000000   Number         0  main.o ABSOLUTE
    ../Src/stm32f4xx_hal_msp.c               0x00000000   Number         0  stm32f4xx_hal_msp.o ABSOLUTE
    ../Src/stm32f4xx_it.c                    0x00000000   Number         0  stm32f4xx_it.o ABSOLUTE
    ../Src/system_stm32f4xx.c                0x00000000   Number         0  system_stm32f4xx.o ABSOLUTE
    ../clib/microlib/division.c              0x00000000   Number         0  uldiv.o ABSOLUTE
    ../clib/microlib/init/entry.s            0x00000000   Number         0  entry10a.o ABSOLUTE
    ../clib/microlib/init/entry.s            0x00000000   Number         0  entry9b.o ABSOLUTE
    ../clib/microlib/init/entry.s            0x00000000   Number         0  entry8b.o ABSOLUTE
    ../clib/microlib/init/entry.s            0x00000000   Number         0  entry8a.o ABSOLUTE
    ../clib/microlib/init/entry.s            0x00000000   Number         0  entry7b.o ABSOLUTE
    ../clib/microlib/init/entry.s            0x00000000   Number         0  entry7a.o ABSOLUTE
    ../clib/microlib/init/entry.s            0x00000000   Number         0  entry9a.o ABSOLUTE
    ../clib/microlib/init/entry.s            0x00000000   Number         0  entry2.o ABSOLUTE
    ../clib/microlib/init/entry.s            0x00000000   Number         0  entry5.o ABSOLUTE
    ../clib/microlib/init/entry.s            0x00000000   Number         0  entry.o ABSOLUTE
    ../clib/microlib/init/entry.s            0x00000000   Number         0  entry11b.o ABSOLUTE
    ../clib/microlib/init/entry.s            0x00000000   Number         0  entry11a.o ABSOLUTE
    ../clib/microlib/init/entry.s            0x00000000   Number         0  entry10b.o ABSOLUTE
    ../clib/microlib/longlong.c              0x00000000   Number         0  llshl.o ABSOLUTE
    ../clib/microlib/longlong.c              0x00000000   Number         0  llushr.o ABSOLUTE
    ../clib/microlib/longlong.c              0x00000000   Number         0  llsshr.o ABSOLUTE
    ../clib/microlib/stubs.s                 0x00000000   Number         0  iusefp.o ABSOLUTE
    ../fplib/microlib/d2f.c                  0x00000000   Number         0  d2f.o ABSOLUTE
    ../fplib/microlib/f2d.c                  0x00000000   Number         0  f2d.o ABSOLUTE
    ../fplib/microlib/fpadd.c                0x00000000   Number         0  dadd.o ABSOLUTE
    ../fplib/microlib/fpepilogue.c           0x00000000   Number         0  fepilogue.o ABSOLUTE
    ../fplib/microlib/fpepilogue.c           0x00000000   Number         0  depilogue.o ABSOLUTE
    ..\Drivers\STM32F4xx_HAL_Driver\Src\stm32f4xx_hal.c 0x00000000   Number         0  stm32f4xx_hal.o ABSOLUTE
    ..\Drivers\STM32F4xx_HAL_Driver\Src\stm32f4xx_hal_cortex.c 0x00000000   Number         0  stm32f4xx_hal_cortex.o ABSOLUTE
    ..\Drivers\STM32F4xx_HAL_Driver\Src\stm32f4xx_hal_dma.c 0x00000000   Number         0  stm32f4xx_hal_dma.o ABSOLUTE
    ..\Drivers\STM32F4xx_HAL_Driver\Src\stm32f4xx_hal_dma_ex.c 0x00000000   Number         0  stm32f4xx_hal_dma_ex.o ABSOLUTE
    ..\Drivers\STM32F4xx_HAL_Driver\Src\stm32f4xx_hal_flash.c 0x00000000   Number         0  stm32f4xx_hal_flash.o ABSOLUTE
    ..\Drivers\STM32F4xx_HAL_Driver\Src\stm32f4xx_hal_flash_ex.c 0x00000000   Number         0  stm32f4xx_hal_flash_ex.o ABSOLUTE
    ..\Drivers\STM32F4xx_HAL_Driver\Src\stm32f4xx_hal_flash_ramfunc.c 0x00000000   Number         0  stm32f4xx_hal_flash_ramfunc.o ABSOLUTE
    ..\Drivers\STM32F4xx_HAL_Driver\Src\stm32f4xx_hal_gpio.c 0x00000000   Number         0  stm32f4xx_hal_gpio.o ABSOLUTE
    ..\Drivers\STM32F4xx_HAL_Driver\Src\stm32f4xx_hal_pwr.c 0x00000000   Number         0  stm32f4xx_hal_pwr.o ABSOLUTE
    ..\Drivers\STM32F4xx_HAL_Driver\Src\stm32f4xx_hal_pwr_ex.c 0x00000000   Number         0  stm32f4xx_hal_pwr_ex.o ABSOLUTE
    ..\Drivers\STM32F4xx_HAL_Driver\Src\stm32f4xx_hal_rcc.c 0x00000000   Number         0  stm32f4xx_hal_rcc.o ABSOLUTE
    ..\Drivers\STM32F4xx_HAL_Driver\Src\stm32f4xx_hal_rcc_ex.c 0x00000000   Number         0  stm32f4xx_hal_rcc_ex.o ABSOLUTE
    ..\Drivers\STM32F4xx_HAL_Driver\Src\stm32f4xx_hal_spi.c 0x00000000   Number         0  stm32f4xx_hal_spi.o ABSOLUTE
    ..\Drivers\STM32F4xx_HAL_Driver\Src\stm32f4xx_hal_tim.c 0x00000000   Number         0  stm32f4xx_hal_tim.o ABSOLUTE
    ..\Drivers\STM32F4xx_HAL_Driver\Src\stm32f4xx_hal_tim_ex.c 0x00000000   Number         0  stm32f4xx_hal_tim_ex.o ABSOLUTE
    ..\Drivers\STM32F4xx_HAL_Driver\Src\stm32f4xx_hal_uart.c 0x00000000   Number         0  stm32f4xx_hal_uart.o ABSOLUTE
    ..\Src\main.c                            0x00000000   Number         0  main.o ABSOLUTE
    ..\Src\stm32f4xx_hal_msp.c               0x00000000   Number         0  stm32f4xx_hal_msp.o ABSOLUTE
    ..\Src\stm32f4xx_it.c                    0x00000000   Number         0  stm32f4xx_it.o ABSOLUTE
    ..\Src\system_stm32f4xx.c                0x00000000   Number         0  system_stm32f4xx.o ABSOLUTE
    dc.s                                     0x00000000   Number         0  dc.o ABSOLUTE
    handlers.s                               0x00000000   Number         0  handlers.o ABSOLUTE
    init.s                                   0x00000000   Number         0  init.o ABSOLUTE
    startup_stm32f407xx.s                    0x00000000   Number         0  startup_stm32f407xx.o ABSOLUTE
    RESET                                    0x08000000   Section      392  startup_stm32f407xx.o(RESET)
    .ARM.Collect$$$$00000000                 0x08000188   Section        0  entry.o(.ARM.Collect$$$$00000000)
    .ARM.Collect$$$$00000001                 0x08000188   Section        4  entry2.o(.ARM.Collect$$$$00000001)
    .ARM.Collect$$$$00000004                 0x0800018c   Section        4  entry5.o(.ARM.Collect$$$$00000004)
    .ARM.Collect$$$$00000008                 0x08000190   Section        0  entry7b.o(.ARM.Collect$$$$00000008)
    .ARM.Collect$$$$0000000A                 0x08000190   Section        0  entry8b.o(.ARM.Collect$$$$0000000A)
    .ARM.Collect$$$$0000000B                 0x08000190   Section        8  entry9a.o(.ARM.Collect$$$$0000000B)
    .ARM.Collect$$$$0000000D                 0x08000198   Section        0  entry10a.o(.ARM.Collect$$$$0000000D)
    .ARM.Collect$$$$0000000F                 0x08000198   Section        0  entry11a.o(.ARM.Collect$$$$0000000F)
    .ARM.Collect$$$$00002712                 0x08000198   Section        4  entry2.o(.ARM.Collect$$$$00002712)
    __lit__00000000                          0x08000198   Data           4  entry2.o(.ARM.Collect$$$$00002712)
    .text                                    0x0800019c   Section       36  startup_stm32f407xx.o(.text)
    $v0                                      0x0800019c   Number         0  startup_stm32f407xx.o(.text)
    .text                                    0x080001c0   Section        0  uldiv.o(.text)
    .text                                    0x08000222   Section        0  dadd.o(.text)
    .text                                    0x08000370   Section        0  f2d.o(.text)
    .text                                    0x08000396   Section        0  d2f.o(.text)
    .text                                    0x080003ce   Section        0  llshl.o(.text)
    .text                                    0x080003ec   Section        0  llushr.o(.text)
    .text                                    0x0800040c   Section        0  llsshr.o(.text)
    .text                                    0x08000430   Section        0  iusefp.o(.text)
    .text                                    0x08000430   Section        0  fepilogue.o(.text)
    .text                                    0x0800049e   Section        0  depilogue.o(.text)
    .text                                    0x08000558   Section       36  init.o(.text)
    i.ADS8684_Init                           0x0800057c   Section        0  main.o(i.ADS8684_Init)
    ADS8684_Init                             0x0800057d   Thumb Code   286  main.o(i.ADS8684_Init)
    i.ADS8684_RST                            0x080006c0   Section        0  main.o(i.ADS8684_RST)
    ADS8684_RST                              0x080006c1   Thumb Code    46  main.o(i.ADS8684_RST)
    i.ADS8684_Range_Select                   0x080006fc   Section        0  main.o(i.ADS8684_Range_Select)
    ADS8684_Range_Select                     0x080006fd   Thumb Code    88  main.o(i.ADS8684_Range_Select)
    i.BusFault_Handler                       0x08000764   Section        0  stm32f4xx_it.o(i.BusFault_Handler)
    i.DebugMon_Handler                       0x08000768   Section        0  stm32f4xx_it.o(i.DebugMon_Handler)
    i.HAL_Delay                              0x0800076a   Section        0  stm32f4xx_hal.o(i.HAL_Delay)
    i.HAL_GPIO_Init                          0x08000788   Section        0  stm32f4xx_hal_gpio.o(i.HAL_GPIO_Init)
    i.HAL_GPIO_WritePin                      0x08000988   Section        0  stm32f4xx_hal_gpio.o(i.HAL_GPIO_WritePin)
    i.HAL_GetTick                            0x08000994   Section        0  stm32f4xx_hal.o(i.HAL_GetTick)
    i.HAL_IncTick                            0x080009a0   Section        0  stm32f4xx_hal.o(i.HAL_IncTick)
    i.HAL_Init                               0x080009b0   Section        0  stm32f4xx_hal.o(i.HAL_Init)
    i.HAL_InitTick                           0x080009ec   Section        0  stm32f4xx_hal.o(i.HAL_InitTick)
    i.HAL_MspInit                            0x08000a14   Section        0  stm32f4xx_hal_msp.o(i.HAL_MspInit)
    i.HAL_NVIC_EnableIRQ                     0x08000a6a   Section        0  stm32f4xx_hal_cortex.o(i.HAL_NVIC_EnableIRQ)
    i.HAL_NVIC_SetPriority                   0x08000a84   Section        0  stm32f4xx_hal_cortex.o(i.HAL_NVIC_SetPriority)
    i.HAL_NVIC_SetPriorityGrouping           0x08000b00   Section        0  stm32f4xx_hal_cortex.o(i.HAL_NVIC_SetPriorityGrouping)
    i.HAL_RCC_ClockConfig                    0x08000b28   Section        0  stm32f4xx_hal_rcc.o(i.HAL_RCC_ClockConfig)
    i.HAL_RCC_GetHCLKFreq                    0x08000ca8   Section        0  stm32f4xx_hal_rcc.o(i.HAL_RCC_GetHCLKFreq)
    i.HAL_RCC_GetPCLK1Freq                   0x08000cb4   Section        0  stm32f4xx_hal_rcc.o(i.HAL_RCC_GetPCLK1Freq)
    i.HAL_RCC_GetPCLK2Freq                   0x08000cd4   Section        0  stm32f4xx_hal_rcc.o(i.HAL_RCC_GetPCLK2Freq)
    i.HAL_RCC_GetSysClockFreq                0x08000cf4   Section        0  stm32f4xx_hal_rcc.o(i.HAL_RCC_GetSysClockFreq)
    i.HAL_RCC_OscConfig                      0x08000da4   Section        0  stm32f4xx_hal_rcc.o(i.HAL_RCC_OscConfig)
    i.HAL_SPI_Init                           0x080011b4   Section        0  stm32f4xx_hal_spi.o(i.HAL_SPI_Init)
    i.HAL_SPI_MspInit                        0x08001240   Section        0  stm32f4xx_hal_msp.o(i.HAL_SPI_MspInit)
    i.HAL_SPI_Transmit                       0x0800129c   Section        0  stm32f4xx_hal_spi.o(i.HAL_SPI_Transmit)
    i.HAL_SPI_TransmitReceive                0x08001442   Section        0  stm32f4xx_hal_spi.o(i.HAL_SPI_TransmitReceive)
    i.HAL_SYSTICK_CLKSourceConfig            0x08001660   Section        0  stm32f4xx_hal_cortex.o(i.HAL_SYSTICK_CLKSourceConfig)
    i.HAL_SYSTICK_Callback                   0x08001688   Section        0  stm32f4xx_hal_cortex.o(i.HAL_SYSTICK_Callback)
    i.HAL_SYSTICK_Config                     0x0800168a   Section        0  stm32f4xx_hal_cortex.o(i.HAL_SYSTICK_Config)
    i.HAL_SYSTICK_IRQHandler                 0x080016be   Section        0  stm32f4xx_hal_cortex.o(i.HAL_SYSTICK_IRQHandler)
    i.HAL_TIMEx_BreakCallback                0x080016c6   Section        0  stm32f4xx_hal_tim_ex.o(i.HAL_TIMEx_BreakCallback)
    i.HAL_TIMEx_CommutationCallback          0x080016c8   Section        0  stm32f4xx_hal_tim_ex.o(i.HAL_TIMEx_CommutationCallback)
    i.HAL_TIMEx_MasterConfigSynchronization  0x080016ca   Section        0  stm32f4xx_hal_tim_ex.o(i.HAL_TIMEx_MasterConfigSynchronization)
    i.HAL_TIM_Base_Init                      0x0800172c   Section        0  stm32f4xx_hal_tim.o(i.HAL_TIM_Base_Init)
    i.HAL_TIM_Base_MspInit                   0x08001760   Section        0  stm32f4xx_hal_msp.o(i.HAL_TIM_Base_MspInit)
    i.HAL_TIM_Base_Start_IT                  0x080017a4   Section        0  stm32f4xx_hal_tim.o(i.HAL_TIM_Base_Start_IT)
    i.HAL_TIM_ConfigClockSource              0x080017c2   Section        0  stm32f4xx_hal_tim.o(i.HAL_TIM_ConfigClockSource)
    i.HAL_TIM_IC_CaptureCallback             0x080018f4   Section        0  stm32f4xx_hal_tim.o(i.HAL_TIM_IC_CaptureCallback)
    i.HAL_TIM_IRQHandler                     0x080018f6   Section        0  stm32f4xx_hal_tim.o(i.HAL_TIM_IRQHandler)
    i.HAL_TIM_MspPostInit                    0x08001a8c   Section        0  stm32f4xx_hal_msp.o(i.HAL_TIM_MspPostInit)
    i.HAL_TIM_OC_ConfigChannel               0x08001ac0   Section        0  stm32f4xx_hal_tim.o(i.HAL_TIM_OC_ConfigChannel)
    i.HAL_TIM_OC_DelayElapsedCallback        0x08001b34   Section        0  stm32f4xx_hal_tim.o(i.HAL_TIM_OC_DelayElapsedCallback)
    i.HAL_TIM_OC_Init                        0x08001b36   Section        0  stm32f4xx_hal_tim.o(i.HAL_TIM_OC_Init)
    i.HAL_TIM_OC_MspInit                     0x08001b6c   Section        0  stm32f4xx_hal_msp.o(i.HAL_TIM_OC_MspInit)
    i.HAL_TIM_PWM_ConfigChannel              0x08001bb4   Section        0  stm32f4xx_hal_tim.o(i.HAL_TIM_PWM_ConfigChannel)
    i.HAL_TIM_PWM_PulseFinishedCallback      0x08001cbc   Section        0  stm32f4xx_hal_tim.o(i.HAL_TIM_PWM_PulseFinishedCallback)
    i.HAL_TIM_PWM_Start                      0x08001cc0   Section        0  stm32f4xx_hal_tim.o(i.HAL_TIM_PWM_Start)
    i.HAL_TIM_PeriodElapsedCallback          0x08001d0c   Section        0  main.o(i.HAL_TIM_PeriodElapsedCallback)
    i.HAL_TIM_TriggerCallback                0x08001ef8   Section        0  stm32f4xx_hal_tim.o(i.HAL_TIM_TriggerCallback)
    i.HAL_UART_Init                          0x08001efa   Section        0  stm32f4xx_hal_uart.o(i.HAL_UART_Init)
    i.HAL_UART_MspInit                       0x08001f6c   Section        0  stm32f4xx_hal_msp.o(i.HAL_UART_MspInit)
    i.HardFault_Handler                      0x08001fc8   Section        0  stm32f4xx_it.o(i.HardFault_Handler)
    i.MX_GPIO_Init                           0x08001fcc   Section        0  main.o(i.MX_GPIO_Init)
    MX_GPIO_Init                             0x08001fcd   Thumb Code   286  main.o(i.MX_GPIO_Init)
    i.MX_SPI3_Init                           0x08002100   Section        0  main.o(i.MX_SPI3_Init)
    MX_SPI3_Init                             0x08002101   Thumb Code    64  main.o(i.MX_SPI3_Init)
    i.MX_TIM2_Init                           0x08002158   Section        0  main.o(i.MX_TIM2_Init)
    MX_TIM2_Init                             0x08002159   Thumb Code   106  main.o(i.MX_TIM2_Init)
    i.MX_TIM3_Init                           0x080021d8   Section        0  main.o(i.MX_TIM3_Init)
    MX_TIM3_Init                             0x080021d9   Thumb Code   136  main.o(i.MX_TIM3_Init)
    i.MX_USART1_UART_Init                    0x08002278   Section        0  main.o(i.MX_USART1_UART_Init)
    MX_USART1_UART_Init                      0x08002279   Thumb Code    52  main.o(i.MX_USART1_UART_Init)
    i.MemManage_Handler                      0x080022c4   Section        0  stm32f4xx_it.o(i.MemManage_Handler)
    i.NMI_Handler                            0x080022c8   Section        0  stm32f4xx_it.o(i.NMI_Handler)
    i.NVIC_GetPriorityGrouping               0x080022cc   Section        0  stm32f4xx_hal_cortex.o(i.NVIC_GetPriorityGrouping)
    NVIC_GetPriorityGrouping                 0x080022cd   Thumb Code    10  stm32f4xx_hal_cortex.o(i.NVIC_GetPriorityGrouping)
    i.NVIC_SetPriority                       0x080022dc   Section        0  stm32f4xx_hal_cortex.o(i.NVIC_SetPriority)
    NVIC_SetPriority                         0x080022dd   Thumb Code    32  stm32f4xx_hal_cortex.o(i.NVIC_SetPriority)
    i.PendSV_Handler                         0x08002304   Section        0  stm32f4xx_it.o(i.PendSV_Handler)
    i.SPI_CheckFlag_BSY                      0x08002306   Section        0  stm32f4xx_hal_spi.o(i.SPI_CheckFlag_BSY)
    SPI_CheckFlag_BSY                        0x08002307   Thumb Code    40  stm32f4xx_hal_spi.o(i.SPI_CheckFlag_BSY)
    i.SPI_WaitFlagStateUntilTimeout          0x0800232e   Section        0  stm32f4xx_hal_spi.o(i.SPI_WaitFlagStateUntilTimeout)
    SPI_WaitFlagStateUntilTimeout            0x0800232f   Thumb Code   170  stm32f4xx_hal_spi.o(i.SPI_WaitFlagStateUntilTimeout)
    i.SVC_Handler                            0x080023d8   Section        0  stm32f4xx_it.o(i.SVC_Handler)
    i.SysTick_Handler                        0x080023da   Section        0  stm32f4xx_it.o(i.SysTick_Handler)
    i.SystemClock_Config                     0x080023e8   Section        0  main.o(i.SystemClock_Config)
    i.SystemInit                             0x080024c8   Section        0  system_stm32f4xx.o(i.SystemInit)
    i.TIM2_IRQHandler                        0x0800252c   Section        0  stm32f4xx_it.o(i.TIM2_IRQHandler)
    i.TIM3_IRQHandler                        0x08002544   Section        0  stm32f4xx_it.o(i.TIM3_IRQHandler)
    i.TIM_Base_SetConfig                     0x08002554   Section        0  stm32f4xx_hal_tim.o(i.TIM_Base_SetConfig)
    i.TIM_CCxChannelCmd                      0x08002638   Section        0  stm32f4xx_hal_tim.o(i.TIM_CCxChannelCmd)
    i.TIM_ETR_SetConfig                      0x08002654   Section        0  stm32f4xx_hal_tim.o(i.TIM_ETR_SetConfig)
    TIM_ETR_SetConfig                        0x08002655   Thumb Code    24  stm32f4xx_hal_tim.o(i.TIM_ETR_SetConfig)
    i.TIM_ITRx_SetConfig                     0x0800266c   Section        0  stm32f4xx_hal_tim.o(i.TIM_ITRx_SetConfig)
    TIM_ITRx_SetConfig                       0x0800266d   Thumb Code    20  stm32f4xx_hal_tim.o(i.TIM_ITRx_SetConfig)
    i.TIM_OC1_SetConfig                      0x08002680   Section        0  stm32f4xx_hal_tim.o(i.TIM_OC1_SetConfig)
    TIM_OC1_SetConfig                        0x08002681   Thumb Code   102  stm32f4xx_hal_tim.o(i.TIM_OC1_SetConfig)
    i.TIM_OC2_SetConfig                      0x080026f0   Section        0  stm32f4xx_hal_tim.o(i.TIM_OC2_SetConfig)
    i.TIM_OC3_SetConfig                      0x08002768   Section        0  stm32f4xx_hal_tim.o(i.TIM_OC3_SetConfig)
    TIM_OC3_SetConfig                        0x08002769   Thumb Code   110  stm32f4xx_hal_tim.o(i.TIM_OC3_SetConfig)
    i.TIM_OC4_SetConfig                      0x080027e0   Section        0  stm32f4xx_hal_tim.o(i.TIM_OC4_SetConfig)
    TIM_OC4_SetConfig                        0x080027e1   Thumb Code    88  stm32f4xx_hal_tim.o(i.TIM_OC4_SetConfig)
    i.TIM_TI1_ConfigInputStage               0x08002840   Section        0  stm32f4xx_hal_tim.o(i.TIM_TI1_ConfigInputStage)
    TIM_TI1_ConfigInputStage                 0x08002841   Thumb Code    42  stm32f4xx_hal_tim.o(i.TIM_TI1_ConfigInputStage)
    i.TIM_TI2_ConfigInputStage               0x0800286a   Section        0  stm32f4xx_hal_tim.o(i.TIM_TI2_ConfigInputStage)
    TIM_TI2_ConfigInputStage                 0x0800286b   Thumb Code    44  stm32f4xx_hal_tim.o(i.TIM_TI2_ConfigInputStage)
    i.UART_SetConfig                         0x08002898   Section        0  stm32f4xx_hal_uart.o(i.UART_SetConfig)
    UART_SetConfig                           0x08002899   Thumb Code   864  stm32f4xx_hal_uart.o(i.UART_SetConfig)
    i.USER_PWM_SetDutyRatio                  0x08002c00   Section        0  main.o(i.USER_PWM_SetDutyRatio)
    i.UsageFault_Handler                     0x08002c40   Section        0  stm32f4xx_it.o(i.UsageFault_Handler)
    i._Error_Handler                         0x08002c44   Section        0  main.o(i._Error_Handler)
    i.__scatterload_copy                     0x08002c48   Section       14  handlers.o(i.__scatterload_copy)
    i.__scatterload_null                     0x08002c56   Section        2  handlers.o(i.__scatterload_null)
    i.__scatterload_zeroinit                 0x08002c58   Section       14  handlers.o(i.__scatterload_zeroinit)
    i.main                                   0x08002c68   Section        0  main.o(i.main)
    .constdata                               0x08002d70   Section       24  system_stm32f4xx.o(.constdata)
    .data                                    0x20000000   Section        4  system_stm32f4xx.o(.data)
    .data                                    0x20000004   Section        1  stm32f4xx_it.o(.data)
    .data                                    0x20000008   Section      204  main.o(.data)
    .data                                    0x200000d4   Section        4  stm32f4xx_hal.o(.data)
    .bss                                     0x200000d8   Section     3472  main.o(.bss)
    STACK                                    0x20000e68   Section     1024  startup_stm32f407xx.o(STACK)

    Global Symbols

    Symbol Name                              Value     Ov Type        Size  Object(Section)

    BuildAttributes$$THM_ISAv4$E$P$D$K$B$S$7EM$VFPi3$EXTD16$VFPS$VFMA$PE$A:L22UL41UL21$X:L11$S22US41US21$IEEE1$IW$USESV6$~STKCKD$USESV7$~SHL$OTIME$ROPI$EBA8$MICROLIB$REQ8$PRES8$EABIv2 0x00000000   Number         0  anon$$obj.o ABSOLUTE
    __ARM_use_no_argv                        0x00000000   Number         0  main.o ABSOLUTE
    __cpp_initialize__aeabi_                  - Undefined Weak Reference
    __cxa_finalize                            - Undefined Weak Reference
    __decompress                              - Undefined Weak Reference
    _clock_init                               - Undefined Weak Reference
    _microlib_exit                            - Undefined Weak Reference
    __Vectors_Size                           0x00000188   Number         0  startup_stm32f407xx.o ABSOLUTE
    __Vectors                                0x08000000   Data           4  startup_stm32f407xx.o(RESET)
    __Vectors_End                            0x08000188   Data           0  startup_stm32f407xx.o(RESET)
    __main                                   0x08000189   Thumb Code     0  entry.o(.ARM.Collect$$$$00000000)
    _main_stk                                0x08000189   Thumb Code     0  entry2.o(.ARM.Collect$$$$00000001)
    _main_scatterload                        0x0800018d   Thumb Code     0  entry5.o(.ARM.Collect$$$$00000004)
    __main_after_scatterload                 0x08000191   Thumb Code     0  entry5.o(.ARM.Collect$$$$00000004)
    _main_clock                              0x08000191   Thumb Code     0  entry7b.o(.ARM.Collect$$$$00000008)
    _main_cpp_init                           0x08000191   Thumb Code     0  entry8b.o(.ARM.Collect$$$$0000000A)
    _main_init                               0x08000191   Thumb Code     0  entry9a.o(.ARM.Collect$$$$0000000B)
    __rt_final_cpp                           0x08000199   Thumb Code     0  entry10a.o(.ARM.Collect$$$$0000000D)
    __rt_final_exit                          0x08000199   Thumb Code     0  entry11a.o(.ARM.Collect$$$$0000000F)
    Reset_Handler                            0x0800019d   Thumb Code     8  startup_stm32f407xx.o(.text)
    ADC_IRQHandler                           0x080001b7   Thumb Code     0  startup_stm32f407xx.o(.text)
    CAN1_RX0_IRQHandler                      0x080001b7   Thumb Code     0  startup_stm32f407xx.o(.text)
    CAN1_RX1_IRQHandler                      0x080001b7   Thumb Code     0  startup_stm32f407xx.o(.text)
    CAN1_SCE_IRQHandler                      0x080001b7   Thumb Code     0  startup_stm32f407xx.o(.text)
    CAN1_TX_IRQHandler                       0x080001b7   Thumb Code     0  startup_stm32f407xx.o(.text)
    CAN2_RX0_IRQHandler                      0x080001b7   Thumb Code     0  startup_stm32f407xx.o(.text)
    CAN2_RX1_IRQHandler                      0x080001b7   Thumb Code     0  startup_stm32f407xx.o(.text)
    CAN2_SCE_IRQHandler                      0x080001b7   Thumb Code     0  startup_stm32f407xx.o(.text)
    CAN2_TX_IRQHandler                       0x080001b7   Thumb Code     0  startup_stm32f407xx.o(.text)
    DCMI_IRQHandler                          0x080001b7   Thumb Code     0  startup_stm32f407xx.o(.text)
    DMA1_Stream0_IRQHandler                  0x080001b7   Thumb Code     0  startup_stm32f407xx.o(.text)
    DMA1_Stream1_IRQHandler                  0x080001b7   Thumb Code     0  startup_stm32f407xx.o(.text)
    DMA1_Stream2_IRQHandler                  0x080001b7   Thumb Code     0  startup_stm32f407xx.o(.text)
    DMA1_Stream3_IRQHandler                  0x080001b7   Thumb Code     0  startup_stm32f407xx.o(.text)
    DMA1_Stream4_IRQHandler                  0x080001b7   Thumb Code     0  startup_stm32f407xx.o(.text)
    DMA1_Stream5_IRQHandler                  0x080001b7   Thumb Code     0  startup_stm32f407xx.o(.text)
    DMA1_Stream6_IRQHandler                  0x080001b7   Thumb Code     0  startup_stm32f407xx.o(.text)
    DMA1_Stream7_IRQHandler                  0x080001b7   Thumb Code     0  startup_stm32f407xx.o(.text)
    DMA2_Stream0_IRQHandler                  0x080001b7   Thumb Code     0  startup_stm32f407xx.o(.text)
    DMA2_Stream1_IRQHandler                  0x080001b7   Thumb Code     0  startup_stm32f407xx.o(.text)
    DMA2_Stream2_IRQHandler                  0x080001b7   Thumb Code     0  startup_stm32f407xx.o(.text)
    DMA2_Stream3_IRQHandler                  0x080001b7   Thumb Code     0  startup_stm32f407xx.o(.text)
    DMA2_Stream4_IRQHandler                  0x080001b7   Thumb Code     0  startup_stm32f407xx.o(.text)
    DMA2_Stream5_IRQHandler                  0x080001b7   Thumb Code     0  startup_stm32f407xx.o(.text)
    DMA2_Stream6_IRQHandler                  0x080001b7   Thumb Code     0  startup_stm32f407xx.o(.text)
    DMA2_Stream7_IRQHandler                  0x080001b7   Thumb Code     0  startup_stm32f407xx.o(.text)
    ETH_IRQHandler                           0x080001b7   Thumb Code     0  startup_stm32f407xx.o(.text)
    ETH_WKUP_IRQHandler                      0x080001b7   Thumb Code     0  startup_stm32f407xx.o(.text)
    EXTI0_IRQHandler                         0x080001b7   Thumb Code     0  startup_stm32f407xx.o(.text)
    EXTI15_10_IRQHandler                     0x080001b7   Thumb Code     0  startup_stm32f407xx.o(.text)
    EXTI1_IRQHandler                         0x080001b7   Thumb Code     0  startup_stm32f407xx.o(.text)
    EXTI2_IRQHandler                         0x080001b7   Thumb Code     0  startup_stm32f407xx.o(.text)
    EXTI3_IRQHandler                         0x080001b7   Thumb Code     0  startup_stm32f407xx.o(.text)
    EXTI4_IRQHandler                         0x080001b7   Thumb Code     0  startup_stm32f407xx.o(.text)
    EXTI9_5_IRQHandler                       0x080001b7   Thumb Code     0  startup_stm32f407xx.o(.text)
    FLASH_IRQHandler                         0x080001b7   Thumb Code     0  startup_stm32f407xx.o(.text)
    FMC_IRQHandler                           0x080001b7   Thumb Code     0  startup_stm32f407xx.o(.text)
    FPU_IRQHandler                           0x080001b7   Thumb Code     0  startup_stm32f407xx.o(.text)
    HASH_RNG_IRQHandler                      0x080001b7   Thumb Code     0  startup_stm32f407xx.o(.text)
    I2C1_ER_IRQHandler                       0x080001b7   Thumb Code     0  startup_stm32f407xx.o(.text)
    I2C1_EV_IRQHandler                       0x080001b7   Thumb Code     0  startup_stm32f407xx.o(.text)
    I2C2_ER_IRQHandler                       0x080001b7   Thumb Code     0  startup_stm32f407xx.o(.text)
    I2C2_EV_IRQHandler                       0x080001b7   Thumb Code     0  startup_stm32f407xx.o(.text)
    I2C3_ER_IRQHandler                       0x080001b7   Thumb Code     0  startup_stm32f407xx.o(.text)
    I2C3_EV_IRQHandler                       0x080001b7   Thumb Code     0  startup_stm32f407xx.o(.text)
    OTG_FS_IRQHandler                        0x080001b7   Thumb Code     0  startup_stm32f407xx.o(.text)
    OTG_FS_WKUP_IRQHandler                   0x080001b7   Thumb Code     0  startup_stm32f407xx.o(.text)
    OTG_HS_EP1_IN_IRQHandler                 0x080001b7   Thumb Code     0  startup_stm32f407xx.o(.text)
    OTG_HS_EP1_OUT_IRQHandler                0x080001b7   Thumb Code     0  startup_stm32f407xx.o(.text)
    OTG_HS_IRQHandler                        0x080001b7   Thumb Code     0  startup_stm32f407xx.o(.text)
    OTG_HS_WKUP_IRQHandler                   0x080001b7   Thumb Code     0  startup_stm32f407xx.o(.text)
    PVD_IRQHandler                           0x080001b7   Thumb Code     0  startup_stm32f407xx.o(.text)
    RCC_IRQHandler                           0x080001b7   Thumb Code     0  startup_stm32f407xx.o(.text)
    RTC_Alarm_IRQHandler                     0x080001b7   Thumb Code     0  startup_stm32f407xx.o(.text)
    RTC_WKUP_IRQHandler                      0x080001b7   Thumb Code     0  startup_stm32f407xx.o(.text)
    SDIO_IRQHandler                          0x080001b7   Thumb Code     0  startup_stm32f407xx.o(.text)
    SPI1_IRQHandler                          0x080001b7   Thumb Code     0  startup_stm32f407xx.o(.text)
    SPI2_IRQHandler                          0x080001b7   Thumb Code     0  startup_stm32f407xx.o(.text)
    SPI3_IRQHandler                          0x080001b7   Thumb Code     0  startup_stm32f407xx.o(.text)
    TAMP_STAMP_IRQHandler                    0x080001b7   Thumb Code     0  startup_stm32f407xx.o(.text)
    TIM1_BRK_TIM9_IRQHandler                 0x080001b7   Thumb Code     0  startup_stm32f407xx.o(.text)
    TIM1_CC_IRQHandler                       0x080001b7   Thumb Code     0  startup_stm32f407xx.o(.text)
    TIM1_TRG_COM_TIM11_IRQHandler            0x080001b7   Thumb Code     0  startup_stm32f407xx.o(.text)
    TIM1_UP_TIM10_IRQHandler                 0x080001b7   Thumb Code     0  startup_stm32f407xx.o(.text)
    TIM4_IRQHandler                          0x080001b7   Thumb Code     0  startup_stm32f407xx.o(.text)
    TIM5_IRQHandler                          0x080001b7   Thumb Code     0  startup_stm32f407xx.o(.text)
    TIM6_DAC_IRQHandler                      0x080001b7   Thumb Code     0  startup_stm32f407xx.o(.text)
    TIM7_IRQHandler                          0x080001b7   Thumb Code     0  startup_stm32f407xx.o(.text)
    TIM8_BRK_TIM12_IRQHandler                0x080001b7   Thumb Code     0  startup_stm32f407xx.o(.text)
    TIM8_CC_IRQHandler                       0x080001b7   Thumb Code     0  startup_stm32f407xx.o(.text)
    TIM8_TRG_COM_TIM14_IRQHandler            0x080001b7   Thumb Code     0  startup_stm32f407xx.o(.text)
    TIM8_UP_TIM13_IRQHandler                 0x080001b7   Thumb Code     0  startup_stm32f407xx.o(.text)
    UART4_IRQHandler                         0x080001b7   Thumb Code     0  startup_stm32f407xx.o(.text)
    UART5_IRQHandler                         0x080001b7   Thumb Code     0  startup_stm32f407xx.o(.text)
    USART1_IRQHandler                        0x080001b7   Thumb Code     0  startup_stm32f407xx.o(.text)
    USART2_IRQHandler                        0x080001b7   Thumb Code     0  startup_stm32f407xx.o(.text)
    USART3_IRQHandler                        0x080001b7   Thumb Code     0  startup_stm32f407xx.o(.text)
    USART6_IRQHandler                        0x080001b7   Thumb Code     0  startup_stm32f407xx.o(.text)
    WWDG_IRQHandler                          0x080001b7   Thumb Code     0  startup_stm32f407xx.o(.text)
    __aeabi_uldivmod                         0x080001c1   Thumb Code    98  uldiv.o(.text)
    __aeabi_dadd                             0x08000223   Thumb Code   322  dadd.o(.text)
    __aeabi_dsub                             0x08000365   Thumb Code     6  dadd.o(.text)
    __aeabi_drsub                            0x0800036b   Thumb Code     6  dadd.o(.text)
    __aeabi_f2d                              0x08000371   Thumb Code    38  f2d.o(.text)
    __aeabi_d2f                              0x08000397   Thumb Code    56  d2f.o(.text)
    __aeabi_llsl                             0x080003cf   Thumb Code    30  llshl.o(.text)
    _ll_shift_l                              0x080003cf   Thumb Code     0  llshl.o(.text)
    __aeabi_llsr                             0x080003ed   Thumb Code    32  llushr.o(.text)
    _ll_ushift_r                             0x080003ed   Thumb Code     0  llushr.o(.text)
    __aeabi_lasr                             0x0800040d   Thumb Code    36  llsshr.o(.text)
    _ll_sshift_r                             0x0800040d   Thumb Code     0  llsshr.o(.text)
    __I$use$fp                               0x08000431   Thumb Code     0  iusefp.o(.text)
    _float_round                             0x08000431   Thumb Code    18  fepilogue.o(.text)
    _float_epilogue                          0x08000443   Thumb Code    92  fepilogue.o(.text)
    _double_round                            0x0800049f   Thumb Code    30  depilogue.o(.text)
    _double_epilogue                         0x080004bd   Thumb Code   156  depilogue.o(.text)
    __scatterload                            0x08000559   Thumb Code    28  init.o(.text)
    __scatterload_rt2                        0x08000559   Thumb Code     0  init.o(.text)
    BusFault_Handler                         0x08000765   Thumb Code     4  stm32f4xx_it.o(i.BusFault_Handler)
    DebugMon_Handler                         0x08000769   Thumb Code     2  stm32f4xx_it.o(i.DebugMon_Handler)
    HAL_Delay                                0x0800076b   Thumb Code    30  stm32f4xx_hal.o(i.HAL_Delay)
    HAL_GPIO_Init                            0x08000789   Thumb Code   466  stm32f4xx_hal_gpio.o(i.HAL_GPIO_Init)
    HAL_GPIO_WritePin                        0x08000989   Thumb Code    12  stm32f4xx_hal_gpio.o(i.HAL_GPIO_WritePin)
    HAL_GetTick                              0x08000995   Thumb Code     6  stm32f4xx_hal.o(i.HAL_GetTick)
    HAL_IncTick                              0x080009a1   Thumb Code    12  stm32f4xx_hal.o(i.HAL_IncTick)
    HAL_Init                                 0x080009b1   Thumb Code    54  stm32f4xx_hal.o(i.HAL_Init)
    HAL_InitTick                             0x080009ed   Thumb Code    36  stm32f4xx_hal.o(i.HAL_InitTick)
    HAL_MspInit                              0x08000a15   Thumb Code    86  stm32f4xx_hal_msp.o(i.HAL_MspInit)
    HAL_NVIC_EnableIRQ                       0x08000a6b   Thumb Code    26  stm32f4xx_hal_cortex.o(i.HAL_NVIC_EnableIRQ)
    HAL_NVIC_SetPriority                     0x08000a85   Thumb Code   124  stm32f4xx_hal_cortex.o(i.HAL_NVIC_SetPriority)
    HAL_NVIC_SetPriorityGrouping             0x08000b01   Thumb Code    32  stm32f4xx_hal_cortex.o(i.HAL_NVIC_SetPriorityGrouping)
    HAL_RCC_ClockConfig                      0x08000b29   Thumb Code   366  stm32f4xx_hal_rcc.o(i.HAL_RCC_ClockConfig)
    HAL_RCC_GetHCLKFreq                      0x08000ca9   Thumb Code     6  stm32f4xx_hal_rcc.o(i.HAL_RCC_GetHCLKFreq)
    HAL_RCC_GetPCLK1Freq                     0x08000cb5   Thumb Code    22  stm32f4xx_hal_rcc.o(i.HAL_RCC_GetPCLK1Freq)
    HAL_RCC_GetPCLK2Freq                     0x08000cd5   Thumb Code    22  stm32f4xx_hal_rcc.o(i.HAL_RCC_GetPCLK2Freq)
    HAL_RCC_GetSysClockFreq                  0x08000cf5   Thumb Code   162  stm32f4xx_hal_rcc.o(i.HAL_RCC_GetSysClockFreq)
    HAL_RCC_OscConfig                        0x08000da5   Thumb Code  1040  stm32f4xx_hal_rcc.o(i.HAL_RCC_OscConfig)
    HAL_SPI_Init                             0x080011b5   Thumb Code   140  stm32f4xx_hal_spi.o(i.HAL_SPI_Init)
    HAL_SPI_MspInit                          0x08001241   Thumb Code    80  stm32f4xx_hal_msp.o(i.HAL_SPI_MspInit)
    HAL_SPI_Transmit                         0x0800129d   Thumb Code   422  stm32f4xx_hal_spi.o(i.HAL_SPI_Transmit)
    HAL_SPI_TransmitReceive                  0x08001443   Thumb Code   542  stm32f4xx_hal_spi.o(i.HAL_SPI_TransmitReceive)
    HAL_SYSTICK_CLKSourceConfig              0x08001661   Thumb Code    40  stm32f4xx_hal_cortex.o(i.HAL_SYSTICK_CLKSourceConfig)
    HAL_SYSTICK_Callback                     0x08001689   Thumb Code     2  stm32f4xx_hal_cortex.o(i.HAL_SYSTICK_Callback)
    HAL_SYSTICK_Config                       0x0800168b   Thumb Code    52  stm32f4xx_hal_cortex.o(i.HAL_SYSTICK_Config)
    HAL_SYSTICK_IRQHandler                   0x080016bf   Thumb Code     8  stm32f4xx_hal_cortex.o(i.HAL_SYSTICK_IRQHandler)
    HAL_TIMEx_BreakCallback                  0x080016c7   Thumb Code     2  stm32f4xx_hal_tim_ex.o(i.HAL_TIMEx_BreakCallback)
    HAL_TIMEx_CommutationCallback            0x080016c9   Thumb Code     2  stm32f4xx_hal_tim_ex.o(i.HAL_TIMEx_CommutationCallback)
    HAL_TIMEx_MasterConfigSynchronization    0x080016cb   Thumb Code    98  stm32f4xx_hal_tim_ex.o(i.HAL_TIMEx_MasterConfigSynchronization)
    HAL_TIM_Base_Init                        0x0800172d   Thumb Code    52  stm32f4xx_hal_tim.o(i.HAL_TIM_Base_Init)
    HAL_TIM_Base_MspInit                     0x08001761   Thumb Code    62  stm32f4xx_hal_msp.o(i.HAL_TIM_Base_MspInit)
    HAL_TIM_Base_Start_IT                    0x080017a5   Thumb Code    30  stm32f4xx_hal_tim.o(i.HAL_TIM_Base_Start_IT)
    HAL_TIM_ConfigClockSource                0x080017c3   Thumb Code   306  stm32f4xx_hal_tim.o(i.HAL_TIM_ConfigClockSource)
    HAL_TIM_IC_CaptureCallback               0x080018f5   Thumb Code     2  stm32f4xx_hal_tim.o(i.HAL_TIM_IC_CaptureCallback)
    HAL_TIM_IRQHandler                       0x080018f7   Thumb Code   406  stm32f4xx_hal_tim.o(i.HAL_TIM_IRQHandler)
    HAL_TIM_MspPostInit                      0x08001a8d   Thumb Code    44  stm32f4xx_hal_msp.o(i.HAL_TIM_MspPostInit)
    HAL_TIM_OC_ConfigChannel                 0x08001ac1   Thumb Code   116  stm32f4xx_hal_tim.o(i.HAL_TIM_OC_ConfigChannel)
    HAL_TIM_OC_DelayElapsedCallback          0x08001b35   Thumb Code     2  stm32f4xx_hal_tim.o(i.HAL_TIM_OC_DelayElapsedCallback)
    HAL_TIM_OC_Init                          0x08001b37   Thumb Code    52  stm32f4xx_hal_tim.o(i.HAL_TIM_OC_Init)
    HAL_TIM_OC_MspInit                       0x08001b6d   Thumb Code    62  stm32f4xx_hal_msp.o(i.HAL_TIM_OC_MspInit)
    HAL_TIM_PWM_ConfigChannel                0x08001bb5   Thumb Code   264  stm32f4xx_hal_tim.o(i.HAL_TIM_PWM_ConfigChannel)
    HAL_TIM_PWM_PulseFinishedCallback        0x08001cbd   Thumb Code     2  stm32f4xx_hal_tim.o(i.HAL_TIM_PWM_PulseFinishedCallback)
    HAL_TIM_PWM_Start                        0x08001cc1   Thumb Code    68  stm32f4xx_hal_tim.o(i.HAL_TIM_PWM_Start)
    HAL_TIM_PeriodElapsedCallback            0x08001d0d   Thumb Code   426  main.o(i.HAL_TIM_PeriodElapsedCallback)
    HAL_TIM_TriggerCallback                  0x08001ef9   Thumb Code     2  stm32f4xx_hal_tim.o(i.HAL_TIM_TriggerCallback)
    HAL_UART_Init                            0x08001efb   Thumb Code   114  stm32f4xx_hal_uart.o(i.HAL_UART_Init)
    HAL_UART_MspInit                         0x08001f6d   Thumb Code    80  stm32f4xx_hal_msp.o(i.HAL_UART_MspInit)
    HardFault_Handler                        0x08001fc9   Thumb Code     4  stm32f4xx_it.o(i.HardFault_Handler)
    MemManage_Handler                        0x080022c5   Thumb Code     4  stm32f4xx_it.o(i.MemManage_Handler)
    NMI_Handler                              0x080022c9   Thumb Code     2  stm32f4xx_it.o(i.NMI_Handler)
    PendSV_Handler                           0x08002305   Thumb Code     2  stm32f4xx_it.o(i.PendSV_Handler)
    SVC_Handler                              0x080023d9   Thumb Code     2  stm32f4xx_it.o(i.SVC_Handler)
    SysTick_Handler                          0x080023db   Thumb Code    12  stm32f4xx_it.o(i.SysTick_Handler)
    SystemClock_Config                       0x080023e9   Thumb Code   200  main.o(i.SystemClock_Config)
    SystemInit                               0x080024c9   Thumb Code    82  system_stm32f4xx.o(i.SystemInit)
    TIM2_IRQHandler                          0x0800252d   Thumb Code    16  stm32f4xx_it.o(i.TIM2_IRQHandler)
    TIM3_IRQHandler                          0x08002545   Thumb Code    10  stm32f4xx_it.o(i.TIM3_IRQHandler)
    TIM_Base_SetConfig                       0x08002555   Thumb Code   184  stm32f4xx_hal_tim.o(i.TIM_Base_SetConfig)
    TIM_CCxChannelCmd                        0x08002639   Thumb Code    28  stm32f4xx_hal_tim.o(i.TIM_CCxChannelCmd)
    TIM_OC2_SetConfig                        0x080026f1   Thumb Code   112  stm32f4xx_hal_tim.o(i.TIM_OC2_SetConfig)
    USER_PWM_SetDutyRatio                    0x08002c01   Thumb Code    64  main.o(i.USER_PWM_SetDutyRatio)
    UsageFault_Handler                       0x08002c41   Thumb Code     4  stm32f4xx_it.o(i.UsageFault_Handler)
    _Error_Handler                           0x08002c45   Thumb Code     4  main.o(i._Error_Handler)
    __scatterload_copy                       0x08002c49   Thumb Code    14  handlers.o(i.__scatterload_copy)
    __scatterload_null                       0x08002c57   Thumb Code     2  handlers.o(i.__scatterload_null)
    __scatterload_zeroinit                   0x08002c59   Thumb Code    14  handlers.o(i.__scatterload_zeroinit)
    main                                     0x08002c69   Thumb Code   212  main.o(i.main)
    AHBPrescTable                            0x08002d70   Data          16  system_stm32f4xx.o(.constdata)
    APBPrescTable                            0x08002d80   Data           8  system_stm32f4xx.o(.constdata)
    Region$$Table$$Base                      0x08002d88   Number         0  anon$$obj.o(Region$$Table)
    Region$$Table$$Limit                     0x08002da8   Number         0  anon$$obj.o(Region$$Table)
    SystemCoreClock                          0x20000000   Data           4  system_stm32f4xx.o(.data)
    countTim                                 0x20000004   Data           1  stm32f4xx_it.o(.data)
    count                                    0x20000008   Data           4  main.o(.data)
    flag                                     0x2000000c   Data           1  main.o(.data)
    percentPWM                               0x20000010   Data           4  main.o(.data)
    testt                                    0x20000014   Data           4  main.o(.data)
    SYSCLOCK                                 0x20000018   Data           4  main.o(.data)
    HCLKFRQ                                  0x2000001c   Data           4  main.o(.data)
    PCLK1                                    0x20000020   Data           4  main.o(.data)
    PCLK2                                    0x20000024   Data           4  main.o(.data)
    OTW_INFO                                 0x20000028   Data           4  main.o(.data)
    FAULT_INFO                               0x2000002c   Data           4  main.o(.data)
    Received_DATA0                           0x20000030   Data           4  main.o(.data)
    Received_DATA1                           0x20000034   Data           4  main.o(.data)
    Received_DATA2                           0x20000038   Data           4  main.o(.data)
    Received_DATA3                           0x2000003c   Data           4  main.o(.data)
    Received_DATA4                           0x20000040   Data           4  main.o(.data)
    Received_DATA5                           0x20000044   Data           4  main.o(.data)
    Received_DATA6                           0x20000048   Data           4  main.o(.data)
    Received_DATA7                           0x2000004c   Data           4  main.o(.data)
    STDBY                                    0x20000050   Data           2  main.o(.data)
    RST                                      0x20000052   Data           2  main.o(.data)
    Range_Select0                            0x20000054   Data           2  main.o(.data)
    Range_Select1                            0x20000056   Data           2  main.o(.data)
    RD_AUTO_SEQ_EN                           0x20000058   Data           3  main.o(.data)
    rece_AUTO_SEQ_EN                         0x2000005b   Data           3  main.o(.data)
    WR_AUTO_SEQ_EN                           0x2000005e   Data           3  main.o(.data)
    RD_Feature_Select                        0x20000061   Data           3  main.o(.data)
    rece_Feature_Select                      0x20000064   Data           3  main.o(.data)
    WR_Feature_Select                        0x20000067   Data           2  main.o(.data)
    MAN_CH0                                  0x20000069   Data           2  main.o(.data)
    MAN_CH1                                  0x2000006b   Data           2  main.o(.data)
    MAN_CH2                                  0x2000006d   Data           2  main.o(.data)
    MAN_CH3                                  0x2000006f   Data           2  main.o(.data)
    AUTO_CH                                  0x20000071   Data           2  main.o(.data)
    NO_OP                                    0x20000073   Data           4  main.o(.data)
    Received_DATA                            0x20000077   Data           4  main.o(.data)
    flag1                                    0x2000007b   Data           1  main.o(.data)
    voltage1                                 0x2000007c   Data           4  main.o(.data)
    voltage2                                 0x20000080   Data           4  main.o(.data)
    voltage3                                 0x20000084   Data           4  main.o(.data)
    voltage0                                 0x20000088   Data           4  main.o(.data)
    Data0                                    0x2000008c   Data           4  main.o(.data)
    Data1                                    0x20000090   Data           4  main.o(.data)
    Data2                                    0x20000094   Data           4  main.o(.data)
    Data3                                    0x20000098   Data           4  main.o(.data)
    Data4                                    0x2000009c   Data           4  main.o(.data)
    Data5                                    0x200000a0   Data           4  main.o(.data)
    Data6                                    0x200000a4   Data           4  main.o(.data)
    Data7                                    0x200000a8   Data           4  main.o(.data)
    bit                                      0x200000ac   Data           4  main.o(.data)
    bit1                                     0x200000b0   Data           4  main.o(.data)
    bit3                                     0x200000b4   Data           4  main.o(.data)
    bit2                                     0x200000b8   Data           4  main.o(.data)
    WR_ch0_Shift                             0x200000bc   Data           3  main.o(.data)
    WR_ch1_Shift                             0x200000bf   Data           3  main.o(.data)
    WR_ch2_Shift                             0x200000c2   Data           3  main.o(.data)
    WR_ch3_Shift                             0x200000c5   Data           3  main.o(.data)
    WR_ch4_Shift                             0x200000c8   Data           3  main.o(.data)
    WR_ch5_Shift                             0x200000cb   Data           3  main.o(.data)
    WR_ch6_Shift                             0x200000ce   Data           3  main.o(.data)
    WR_ch7_Shift                             0x200000d1   Data           3  main.o(.data)
    uwTick                                   0x200000d4   Data           4  stm32f4xx_hal.o(.data)
    hspi3                                    0x200000d8   Data          88  main.o(.bss)
    htim2                                    0x20000130   Data          60  main.o(.bss)
    htim3                                    0x2000016c   Data          60  main.o(.bss)
    huart1                                   0x200001a8   Data          64  main.o(.bss)
    STORE_DATA0                              0x200001e8   Data         400  main.o(.bss)
    STORE_DATA1                              0x20000378   Data         400  main.o(.bss)
    STORE_DATA2                              0x20000508   Data         400  main.o(.bss)
    STORE_DATA3                              0x20000698   Data         400  main.o(.bss)
    STORE_DATA4                              0x20000828   Data         400  main.o(.bss)
    STORE_DATA5                              0x200009b8   Data         400  main.o(.bss)
    STORE_DATA6                              0x20000b48   Data         400  main.o(.bss)
    STORE_DATA7                              0x20000cd8   Data         400  main.o(.bss)
    __initial_sp                             0x20001268   Data           0  startup_stm32f407xx.o(STACK)



==============================================================================

Memory Map of the image

  Image Entry point : 0x08000189

  Load Region LR_IROM1 (Base: 0x08000000, Size: 0x00002e80, Max: 0x00080000, ABSOLUTE)

    Execution Region ER_IROM1 (Base: 0x08000000, Size: 0x00002da8, Max: 0x00080000, ABSOLUTE)

    Base Addr    Size         Type   Attr      Idx    E Section Name        Object

    0x08000000   0x00000188   Data   RO            3    RESET               startup_stm32f407xx.o
    0x08000188   0x00000000   Code   RO         3028  * .ARM.Collect$$$$00000000  mc_w.l(entry.o)
    0x08000188   0x00000004   Code   RO         3039    .ARM.Collect$$$$00000001  mc_w.l(entry2.o)
    0x0800018c   0x00000004   Code   RO         3042    .ARM.Collect$$$$00000004  mc_w.l(entry5.o)
    0x08000190   0x00000000   Code   RO         3044    .ARM.Collect$$$$00000008  mc_w.l(entry7b.o)
    0x08000190   0x00000000   Code   RO         3046    .ARM.Collect$$$$0000000A  mc_w.l(entry8b.o)
    0x08000190   0x00000008   Code   RO         3047    .ARM.Collect$$$$0000000B  mc_w.l(entry9a.o)
    0x08000198   0x00000000   Code   RO         3049    .ARM.Collect$$$$0000000D  mc_w.l(entry10a.o)
    0x08000198   0x00000000   Code   RO         3051    .ARM.Collect$$$$0000000F  mc_w.l(entry11a.o)
    0x08000198   0x00000004   Code   RO         3040    .ARM.Collect$$$$00002712  mc_w.l(entry2.o)
    0x0800019c   0x00000024   Code   RO            4    .text               startup_stm32f407xx.o
    0x080001c0   0x00000062   Code   RO         3031    .text               mc_w.l(uldiv.o)
    0x08000222   0x0000014e   Code   RO         3033    .text               mf_w.l(dadd.o)
    0x08000370   0x00000026   Code   RO         3035    .text               mf_w.l(f2d.o)
    0x08000396   0x00000038   Code   RO         3037    .text               mf_w.l(d2f.o)
    0x080003ce   0x0000001e   Code   RO         3053    .text               mc_w.l(llshl.o)
    0x080003ec   0x00000020   Code   RO         3055    .text               mc_w.l(llushr.o)
    0x0800040c   0x00000024   Code   RO         3057    .text               mc_w.l(llsshr.o)
    0x08000430   0x00000000   Code   RO         3059    .text               mc_w.l(iusefp.o)
    0x08000430   0x0000006e   Code   RO         3060    .text               mf_w.l(fepilogue.o)
    0x0800049e   0x000000ba   Code   RO         3062    .text               mf_w.l(depilogue.o)
    0x08000558   0x00000024   Code   RO         3064    .text               mc_w.l(init.o)
    0x0800057c   0x00000144   Code   RO          238    i.ADS8684_Init      main.o
    0x080006c0   0x0000003c   Code   RO          239    i.ADS8684_RST       main.o
    0x080006fc   0x00000068   Code   RO          240    i.ADS8684_Range_Select  main.o
    0x08000764   0x00000004   Code   RO          143    i.BusFault_Handler  stm32f4xx_it.o
    0x08000768   0x00000002   Code   RO          144    i.DebugMon_Handler  stm32f4xx_it.o
    0x0800076a   0x0000001e   Code   RO          619    i.HAL_Delay         stm32f4xx_hal.o
    0x08000788   0x00000200   Code   RO         1648    i.HAL_GPIO_Init     stm32f4xx_hal_gpio.o
    0x08000988   0x0000000c   Code   RO         1652    i.HAL_GPIO_WritePin  stm32f4xx_hal_gpio.o
    0x08000994   0x0000000c   Code   RO          625    i.HAL_GetTick       stm32f4xx_hal.o
    0x080009a0   0x00000010   Code   RO          627    i.HAL_IncTick       stm32f4xx_hal.o
    0x080009b0   0x0000003c   Code   RO          628    i.HAL_Init          stm32f4xx_hal.o
    0x080009ec   0x00000028   Code   RO          629    i.HAL_InitTick      stm32f4xx_hal.o
    0x08000a14   0x00000056   Code   RO          360    i.HAL_MspInit       stm32f4xx_hal_msp.o
    0x08000a6a   0x0000001a   Code   RO         2579    i.HAL_NVIC_EnableIRQ  stm32f4xx_hal_cortex.o
    0x08000a84   0x0000007c   Code   RO         2585    i.HAL_NVIC_SetPriority  stm32f4xx_hal_cortex.o
    0x08000b00   0x00000028   Code   RO         2586    i.HAL_NVIC_SetPriorityGrouping  stm32f4xx_hal_cortex.o
    0x08000b28   0x00000180   Code   RO          457    i.HAL_RCC_ClockConfig  stm32f4xx_hal_rcc.o
    0x08000ca8   0x0000000c   Code   RO          462    i.HAL_RCC_GetHCLKFreq  stm32f4xx_hal_rcc.o
    0x08000cb4   0x00000020   Code   RO          464    i.HAL_RCC_GetPCLK1Freq  stm32f4xx_hal_rcc.o
    0x08000cd4   0x00000020   Code   RO          465    i.HAL_RCC_GetPCLK2Freq  stm32f4xx_hal_rcc.o
    0x08000cf4   0x000000b0   Code   RO          466    i.HAL_RCC_GetSysClockFreq  stm32f4xx_hal_rcc.o
    0x08000da4   0x00000410   Code   RO          469    i.HAL_RCC_OscConfig  stm32f4xx_hal_rcc.o
    0x080011b4   0x0000008c   Code   RO         2725    i.HAL_SPI_Init      stm32f4xx_hal_spi.o
    0x08001240   0x0000005c   Code   RO          362    i.HAL_SPI_MspInit   stm32f4xx_hal_msp.o
    0x0800129c   0x000001a6   Code   RO         2733    i.HAL_SPI_Transmit  stm32f4xx_hal_spi.o
    0x08001442   0x0000021e   Code   RO         2734    i.HAL_SPI_TransmitReceive  stm32f4xx_hal_spi.o
    0x08001660   0x00000028   Code   RO         2588    i.HAL_SYSTICK_CLKSourceConfig  stm32f4xx_hal_cortex.o
    0x08001688   0x00000002   Code   RO         2589    i.HAL_SYSTICK_Callback  stm32f4xx_hal_cortex.o
    0x0800168a   0x00000034   Code   RO         2590    i.HAL_SYSTICK_Config  stm32f4xx_hal_cortex.o
    0x080016be   0x00000008   Code   RO         2591    i.HAL_SYSTICK_IRQHandler  stm32f4xx_hal_cortex.o
    0x080016c6   0x00000002   Code   RO         1406    i.HAL_TIMEx_BreakCallback  stm32f4xx_hal_tim_ex.o
    0x080016c8   0x00000002   Code   RO         1407    i.HAL_TIMEx_CommutationCallback  stm32f4xx_hal_tim_ex.o
    0x080016ca   0x00000062   Code   RO         1423    i.HAL_TIMEx_MasterConfigSynchronization  stm32f4xx_hal_tim_ex.o
    0x0800172c   0x00000034   Code   RO          767    i.HAL_TIM_Base_Init  stm32f4xx_hal_tim.o
    0x08001760   0x00000044   Code   RO          364    i.HAL_TIM_Base_MspInit  stm32f4xx_hal_msp.o
    0x080017a4   0x0000001e   Code   RO          772    i.HAL_TIM_Base_Start_IT  stm32f4xx_hal_tim.o
    0x080017c2   0x00000132   Code   RO          776    i.HAL_TIM_ConfigClockSource  stm32f4xx_hal_tim.o
    0x080018f4   0x00000002   Code   RO          796    i.HAL_TIM_IC_CaptureCallback  stm32f4xx_hal_tim.o
    0x080018f6   0x00000196   Code   RO          809    i.HAL_TIM_IRQHandler  stm32f4xx_hal_tim.o
    0x08001a8c   0x00000034   Code   RO          365    i.HAL_TIM_MspPostInit  stm32f4xx_hal_msp.o
    0x08001ac0   0x00000074   Code   RO          810    i.HAL_TIM_OC_ConfigChannel  stm32f4xx_hal_tim.o
    0x08001b34   0x00000002   Code   RO          812    i.HAL_TIM_OC_DelayElapsedCallback  stm32f4xx_hal_tim.o
    0x08001b36   0x00000034   Code   RO          814    i.HAL_TIM_OC_Init   stm32f4xx_hal_tim.o
    0x08001b6a   0x00000002   PAD
    0x08001b6c   0x00000048   Code   RO          367    i.HAL_TIM_OC_MspInit  stm32f4xx_hal_msp.o
    0x08001bb4   0x00000108   Code   RO          833    i.HAL_TIM_PWM_ConfigChannel  stm32f4xx_hal_tim.o
    0x08001cbc   0x00000002   Code   RO          839    i.HAL_TIM_PWM_PulseFinishedCallback  stm32f4xx_hal_tim.o
    0x08001cbe   0x00000002   PAD
    0x08001cc0   0x0000004c   Code   RO          840    i.HAL_TIM_PWM_Start  stm32f4xx_hal_tim.o
    0x08001d0c   0x000001ec   Code   RO          242    i.HAL_TIM_PeriodElapsedCallback  main.o
    0x08001ef8   0x00000002   Code   RO          850    i.HAL_TIM_TriggerCallback  stm32f4xx_hal_tim.o
    0x08001efa   0x00000072   Code   RO         1736    i.HAL_UART_Init     stm32f4xx_hal_uart.o
    0x08001f6c   0x0000005c   Code   RO          369    i.HAL_UART_MspInit  stm32f4xx_hal_msp.o
    0x08001fc8   0x00000004   Code   RO          145    i.HardFault_Handler  stm32f4xx_it.o
    0x08001fcc   0x00000134   Code   RO          243    i.MX_GPIO_Init      main.o
    0x08002100   0x00000058   Code   RO          244    i.MX_SPI3_Init      main.o
    0x08002158   0x00000080   Code   RO          245    i.MX_TIM2_Init      main.o
    0x080021d8   0x000000a0   Code   RO          246    i.MX_TIM3_Init      main.o
    0x08002278   0x0000004c   Code   RO          247    i.MX_USART1_UART_Init  main.o
    0x080022c4   0x00000004   Code   RO          146    i.MemManage_Handler  stm32f4xx_it.o
    0x080022c8   0x00000002   Code   RO          147    i.NMI_Handler       stm32f4xx_it.o
    0x080022ca   0x00000002   PAD
    0x080022cc   0x00000010   Code   RO         2592    i.NVIC_GetPriorityGrouping  stm32f4xx_hal_cortex.o
    0x080022dc   0x00000028   Code   RO         2593    i.NVIC_SetPriority  stm32f4xx_hal_cortex.o
    0x08002304   0x00000002   Code   RO          148    i.PendSV_Handler    stm32f4xx_it.o
    0x08002306   0x00000028   Code   RO         2749    i.SPI_CheckFlag_BSY  stm32f4xx_hal_spi.o
    0x0800232e   0x000000aa   Code   RO         2767    i.SPI_WaitFlagStateUntilTimeout  stm32f4xx_hal_spi.o
    0x080023d8   0x00000002   Code   RO          149    i.SVC_Handler       stm32f4xx_it.o
    0x080023da   0x0000000c   Code   RO          150    i.SysTick_Handler   stm32f4xx_it.o
    0x080023e6   0x00000002   PAD
    0x080023e8   0x000000e0   Code   RO          251    i.SystemClock_Config  main.o
    0x080024c8   0x00000064   Code   RO           14    i.SystemInit        system_stm32f4xx.o
    0x0800252c   0x00000018   Code   RO          151    i.TIM2_IRQHandler   stm32f4xx_it.o
    0x08002544   0x00000010   Code   RO          152    i.TIM3_IRQHandler   stm32f4xx_it.o
    0x08002554   0x000000e4   Code   RO          851    i.TIM_Base_SetConfig  stm32f4xx_hal_tim.o
    0x08002638   0x0000001c   Code   RO          852    i.TIM_CCxChannelCmd  stm32f4xx_hal_tim.o
    0x08002654   0x00000018   Code   RO          858    i.TIM_ETR_SetConfig  stm32f4xx_hal_tim.o
    0x0800266c   0x00000014   Code   RO          859    i.TIM_ITRx_SetConfig  stm32f4xx_hal_tim.o
    0x08002680   0x00000070   Code   RO          860    i.TIM_OC1_SetConfig  stm32f4xx_hal_tim.o
    0x080026f0   0x00000078   Code   RO          861    i.TIM_OC2_SetConfig  stm32f4xx_hal_tim.o
    0x08002768   0x00000078   Code   RO          862    i.TIM_OC3_SetConfig  stm32f4xx_hal_tim.o
    0x080027e0   0x00000060   Code   RO          863    i.TIM_OC4_SetConfig  stm32f4xx_hal_tim.o
    0x08002840   0x0000002a   Code   RO          865    i.TIM_TI1_ConfigInputStage  stm32f4xx_hal_tim.o
    0x0800286a   0x0000002c   Code   RO          867    i.TIM_TI2_ConfigInputStage  stm32f4xx_hal_tim.o
    0x08002896   0x00000002   PAD
    0x08002898   0x00000368   Code   RO         1763    i.UART_SetConfig    stm32f4xx_hal_uart.o
    0x08002c00   0x00000040   Code   RO          252    i.USER_PWM_SetDutyRatio  main.o
    0x08002c40   0x00000004   Code   RO          153    i.UsageFault_Handler  stm32f4xx_it.o
    0x08002c44   0x00000004   Code   RO          253    i._Error_Handler    main.o
    0x08002c48   0x0000000e   Code   RO         3068    i.__scatterload_copy  mc_w.l(handlers.o)
    0x08002c56   0x00000002   Code   RO         3069    i.__scatterload_null  mc_w.l(handlers.o)
    0x08002c58   0x0000000e   Code   RO         3070    i.__scatterload_zeroinit  mc_w.l(handlers.o)
    0x08002c66   0x00000002   PAD
    0x08002c68   0x00000108   Code   RO          255    i.main              main.o
    0x08002d70   0x00000018   Data   RO           15    .constdata          system_stm32f4xx.o
    0x08002d88   0x00000020   Data   RO         3066    Region$$Table       anon$$obj.o


    Execution Region RW_IRAM1 (Base: 0x20000000, Size: 0x00001268, Max: 0x00020000, ABSOLUTE)

    Base Addr    Size         Type   Attr      Idx    E Section Name        Object

    0x20000000   0x00000004   Data   RW           16    .data               system_stm32f4xx.o
    0x20000004   0x00000001   Data   RW          154    .data               stm32f4xx_it.o
    0x20000005   0x00000003   PAD
    0x20000008   0x000000cc   Data   RW          257    .data               main.o
    0x200000d4   0x00000004   Data   RW          634    .data               stm32f4xx_hal.o
    0x200000d8   0x00000d90   Zero   RW          256    .bss                main.o
    0x20000e68   0x00000400   Zero   RW            1    STACK               startup_stm32f407xx.o


==============================================================================

Image component sizes


      Code (inc. data)   RO Data    RW Data    ZI Data      Debug   Object Name

      2296        326          0        204       3472      11682   main.o
        36          8        392          0       1024        864   startup_stm32f407xx.o
       158         20          0          4          0       4603   stm32f4xx_hal.o
       348         22          0          0          0      32901   stm32f4xx_hal_cortex.o
       524         46          0          0          0       2396   stm32f4xx_hal_gpio.o
       462         48          0          0          0       4245   stm32f4xx_hal_msp.o
      1676         74          0          0          0       5648   stm32f4xx_hal_rcc.o
      1314          0          0          0          0       5712   stm32f4xx_hal_spi.o
      2144         88          0          0          0      16888   stm32f4xx_hal_tim.o
       102          0          0          0          0       2450   stm32f4xx_hal_tim_ex.o
       986          8          0          0          0       1920   stm32f4xx_hal_uart.o
        76         14          0          1          0       5641   stm32f4xx_it.o
       100         18         24          4          0     679023   system_stm32f4xx.o

    ----------------------------------------------------------------------
     10232        672        448        216       4496     773973   Object Totals
         0          0         32          0          0          0   (incl. Generated)
        10          0          0          3          0          0   (incl. Padding)

    ----------------------------------------------------------------------

      Code (inc. data)   RO Data    RW Data    ZI Data      Debug   Library Member Name

         0          0          0          0          0          0   entry.o
         0          0          0          0          0          0   entry10a.o
         0          0          0          0          0          0   entry11a.o
         8          4          0          0          0          0   entry2.o
         4          0          0          0          0          0   entry5.o
         0          0          0          0          0          0   entry7b.o
         0          0          0          0          0          0   entry8b.o
         8          4          0          0          0          0   entry9a.o
        30          0          0          0          0          0   handlers.o
        36          8          0          0          0         68   init.o
         0          0          0          0          0          0   iusefp.o
        30          0          0          0          0         68   llshl.o
        36          0          0          0          0         68   llsshr.o
        32          0          0          0          0         68   llushr.o
        98          0          0          0          0         92   uldiv.o
        56          0          0          0          0         88   d2f.o
       334          0          0          0          0        148   dadd.o
       186          0          0          0          0        176   depilogue.o
        38          0          0          0          0         68   f2d.o
       110          0          0          0          0        168   fepilogue.o

    ----------------------------------------------------------------------
      1008         16          0          0          0       1012   Library Totals
         2          0          0          0          0          0   (incl. Padding)

    ----------------------------------------------------------------------

      Code (inc. data)   RO Data    RW Data    ZI Data      Debug   Library Name

       282         16          0          0          0        364   mc_w.l
       724          0          0          0          0        648   mf_w.l

    ----------------------------------------------------------------------
      1008         16          0          0          0       1012   Library Totals

    ----------------------------------------------------------------------

==============================================================================


      Code (inc. data)   RO Data    RW Data    ZI Data      Debug   

     11240        688        448        216       4496     766925   Grand Totals
     11240        688        448        216       4496     766925   ELF Image Totals
     11240        688        448        216          0          0   ROM Totals

==============================================================================

    Total RO  Size (Code + RO Data)                11688 (  11.41kB)
    Total RW  Size (RW Data + ZI Data)              4712 (   4.60kB)
    Total ROM Size (Code + RO Data + RW Data)      11904 (  11.63kB)

==============================================================================

